Component: Arm Compiler for Embedded 6.19 Tool: armlink [5e73cb00]

==============================================================================

Section Cross References

    startup.o(STACK) refers (Special) to heapauxi.o(.text) for __use_two_region_memory
    startup.o(HEAP) refers (Special) to heapauxi.o(.text) for __use_two_region_memory
    startup.o(RESET) refers (Special) to heapauxi.o(.text) for __use_two_region_memory
    startup.o(RESET) refers to startup.o(STACK) for StackMem
    startup.o(RESET) refers to uart1.o(.text.UART1_Handler) for UART1_Handler
    startup.o(RESET) refers to lab9.o(.text.Timer3A_Handler) for Timer3A_Handler
    startup.o(RESET) refers to texas.o(.text.Timer5A_Handler) for Timer5A_Handler
    startup.o(RESET) refers to __main.o(!!!main) for __main
    startup.o(.text) refers (Special) to heapauxi.o(.text) for __use_two_region_memory
    startup.o(.text) refers to startup.o(HEAP) for HeapMem
    startup.o(.text) refers to startup.o(STACK) for StackMem
    lab9.o(.ARM.exidx.text.LogicAnalyzerTask) refers to lab9.o(.text.LogicAnalyzerTask) for [Anonymous Symbol]
    lab9.o(.ARM.exidx.text.PortF_Init) refers to lab9.o(.text.PortF_Init) for [Anonymous Symbol]
    lab9.o(.ARM.exidx.text.Timer3A_Init) refers to lab9.o(.text.Timer3A_Init) for [Anonymous Symbol]
    lab9.o(.ARM.exidx.text.Timer3A_Stop) refers to lab9.o(.text.Timer3A_Stop) for [Anonymous Symbol]
    lab9.o(.ARM.exidx.text.Convert) refers to lab9.o(.text.Convert) for [Anonymous Symbol]
    lab9.o(.text.main) refers to startup.o(.text) for DisableInterrupts
    lab9.o(.text.main) refers to texas.o(.text.PLL_Init) for PLL_Init
    lab9.o(.text.main) refers to adc.o(.text.ADC_Init) for ADC_Init
    lab9.o(.text.main) refers to lab9.o(.text.PortF_Init) for PortF_Init
    lab9.o(.text.main) refers to lab9.o(.text.Timer3A_Init) for Timer3A_Init
    lab9.o(.text.main) refers to uart1.o(.text.UART1_Init) for UART1_Init
    lab9.o(.text.main) refers to fifo.o(.text.Fifo_Init) for Fifo_Init
    lab9.o(.text.main) refers to st7735.o(.text.ST7735_InitR) for ST7735_InitR
    lab9.o(.text.main) refers to st7735.o(.text.ST7735_SetCursor) for ST7735_SetCursor
    lab9.o(.text.main) refers to fifo.o(.text.Fifo_Get) for Fifo_Get
    lab9.o(.text.main) refers to st7735.o(.text.ST7735_OutChar) for ST7735_OutChar
    lab9.o(.ARM.exidx.text.main) refers to lab9.o(.text.main) for [Anonymous Symbol]
    lab9.o(.text.Timer3A_Handler) refers to adc.o(.text.ADC_In) for ADC_In
    lab9.o(.text.Timer3A_Handler) refers to lab9.o(.bss.Data) for Data
    lab9.o(.text.Timer3A_Handler) refers to lab9.o(.text.Convert) for Convert
    lab9.o(.text.Timer3A_Handler) refers to uart1.o(.text.UART1_OutChar) for UART1_OutChar
    lab9.o(.text.Timer3A_Handler) refers to stringconversion.o(.text) for Fix2String
    lab9.o(.text.Timer3A_Handler) refers to lab9.o(.bss.TxCounter) for TxCounter
    lab9.o(.ARM.exidx.text.Timer3A_Handler) refers to lab9.o(.text.Timer3A_Handler) for [Anonymous Symbol]
    lab9.o(.text.Random32) refers to lab9.o(.bss.M) for M
    lab9.o(.ARM.exidx.text.Random32) refers to lab9.o(.text.Random32) for [Anonymous Symbol]
    lab9.o(.text.Random) refers to lab9.o(.text.Random32) for Random32
    lab9.o(.ARM.exidx.text.Random) refers to lab9.o(.text.Random) for [Anonymous Symbol]
    lab9.o(.text.main2) refers to texas.o(.text.PLL_Init) for PLL_Init
    lab9.o(.text.main2) refers to lab9.o(.text.PortF_Init) for PortF_Init
    lab9.o(.text.main2) refers to fifo.o(.text.Fifo_Init) for Fifo_Init
    lab9.o(.text.main2) refers to lab9.o(.bss.M) for M
    lab9.o(.text.main2) refers to lab9.o(.bss.FifoError) for FifoError
    lab9.o(.text.main2) refers to myfifo.o(.text.MyFifo_Init) for MyFifo_Init
    lab9.o(.text.main2) refers to lab9.o(.text.Random) for Random
    lab9.o(.text.main2) refers to fifo.o(.text.Fifo_Put) for Fifo_Put
    lab9.o(.text.main2) refers to myfifo.o(.text.MyFifo_Put) for MyFifo_Put
    lab9.o(.text.main2) refers to fifo.o(.text.Fifo_Get) for Fifo_Get
    lab9.o(.text.main2) refers to myfifo.o(.text.MyFifo_Get) for MyFifo_Get
    lab9.o(.ARM.exidx.text.main2) refers to lab9.o(.text.main2) for [Anonymous Symbol]
    fifo.o(.text.Fifo_Init) refers to fifo.o(.bss.GetI) for GetI
    fifo.o(.text.Fifo_Init) refers to fifo.o(.bss.PutI) for PutI
    fifo.o(.ARM.exidx.text.Fifo_Init) refers to fifo.o(.text.Fifo_Init) for [Anonymous Symbol]
    fifo.o(.text.Fifo_Put) refers to fifo.o(.bss.PutI) for PutI
    fifo.o(.text.Fifo_Put) refers to fifo.o(.bss.GetI) for GetI
    fifo.o(.text.Fifo_Put) refers to fifo.o(.bss.Fifo) for Fifo
    fifo.o(.ARM.exidx.text.Fifo_Put) refers to fifo.o(.text.Fifo_Put) for [Anonymous Symbol]
    fifo.o(.text.Fifo_Get) refers to fifo.o(.bss.GetI) for GetI
    fifo.o(.text.Fifo_Get) refers to fifo.o(.bss.PutI) for PutI
    fifo.o(.text.Fifo_Get) refers to fifo.o(.bss.Fifo) for Fifo
    fifo.o(.ARM.exidx.text.Fifo_Get) refers to fifo.o(.text.Fifo_Get) for [Anonymous Symbol]
[...]
    st7735.o(.ARM.exidx.text.ST7735_OutUDec) refers to st7735.o(.text.ST7735_OutUDec) for [Anonymous Symbol]
    st7735.o(.text.ST7735_OutFix) refers to st7735.o(.bss.Message) for Message
    st7735.o(.text.ST7735_OutFix) refers to stringconversion.o(.text) for Fix2String
    st7735.o(.text.ST7735_OutFix) refers to st7735.o(.bss.StX) for StX
    st7735.o(.text.ST7735_OutFix) refers to st7735.o(.bss.StY) for StY
    st7735.o(.text.ST7735_OutFix) refers to st7735.o(.data.StTextColor) for StTextColor
    st7735.o(.text.ST7735_OutFix) refers to st7735.o(.text.ST7735_DrawString) for ST7735_DrawString
    st7735.o(.text.ST7735_OutFix) refers to st7735.o(.text.ST7735_DrawCharS) for ST7735_DrawCharS
    st7735.o(.ARM.exidx.text.ST7735_OutFix) refers to st7735.o(.text.ST7735_OutFix) for [Anonymous Symbol]
    st7735.o(.text.ST7735_SetRotation) refers to st7735.o(.text.writecommand) for writecommand
    st7735.o(.text.ST7735_SetRotation) refers to st7735.o(.bss.Rotation) for Rotation
    st7735.o(.text.ST7735_SetRotation) refers to st7735.o(.bss.TabColor) for TabColor
    st7735.o(.text.ST7735_SetRotation) refers to st7735.o(.text.writedata) for writedata
    st7735.o(.text.ST7735_SetRotation) refers to st7735.o(.data._width) for _width
    st7735.o(.text.ST7735_SetRotation) refers to st7735.o(.data._height) for _height
    st7735.o(.ARM.exidx.text.ST7735_SetRotation) refers to st7735.o(.text.ST7735_SetRotation) for [Anonymous Symbol]
    st7735.o(.text.ST7735_InvertDisplay) refers to st7735.o(.text.writecommand) for writecommand
    st7735.o(.ARM.exidx.text.ST7735_InvertDisplay) refers to st7735.o(.text.ST7735_InvertDisplay) for [Anonymous Symbol]
    st7735.o(.text.ST7735_PlotClear) refers to st7735.o(.text.ST7735_Color565) for ST7735_Color565
    st7735.o(.text.ST7735_PlotClear) refers to st7735.o(.text.ST7735_FillRect) for ST7735_FillRect
    st7735.o(.text.ST7735_PlotClear) refers to st7735.o(.bss.Ymax) for Ymax
    st7735.o(.text.ST7735_PlotClear) refers to st7735.o(.bss.Ymin) for Ymin
    st7735.o(.text.ST7735_PlotClear) refers to st7735.o(.bss.Yrange) for Yrange
    st7735.o(.text.ST7735_PlotClear) refers to st7735.o(.bss.X) for X
    st7735.o(.ARM.exidx.text.ST7735_PlotClear) refers to st7735.o(.text.ST7735_PlotClear) for [Anonymous Symbol]
    st7735.o(.text.ST7735_PlotPoint) refers to st7735.o(.bss.Ymin) for Ymin
    st7735.o(.text.ST7735_PlotPoint) refers to st7735.o(.bss.Ymax) for Ymax
    st7735.o(.text.ST7735_PlotPoint) refers to st7735.o(.bss.Yrange) for Yrange
    st7735.o(.text.ST7735_PlotPoint) refers to st7735.o(.bss.X) for X
    st7735.o(.text.ST7735_PlotPoint) refers to st7735.o(.text.ST7735_DrawPixel) for ST7735_DrawPixel
    st7735.o(.ARM.exidx.text.ST7735_PlotPoint) refers to st7735.o(.text.ST7735_PlotPoint) for [Anonymous Symbol]
    st7735.o(.text.ST7735_PlotLine) refers to st7735.o(.bss.Ymin) for Ymin
    st7735.o(.text.ST7735_PlotLine) refers to st7735.o(.bss.Ymax) for Ymax
    st7735.o(.text.ST7735_PlotLine) refers to st7735.o(.bss.Yrange) for Yrange
    st7735.o(.text.ST7735_PlotLine) refers to st7735.o(.bss.lastj) for lastj
    st7735.o(.text.ST7735_PlotLine) refers to st7735.o(.bss.X) for X
    st7735.o(.text.ST7735_PlotLine) refers to st7735.o(.text.ST7735_DrawPixel) for ST7735_DrawPixel
    st7735.o(.ARM.exidx.text.ST7735_PlotLine) refers to st7735.o(.text.ST7735_PlotLine) for [Anonymous Symbol]
    st7735.o(.text.ST7735_PlotPoints) refers to st7735.o(.bss.Ymin) for Ymin
    st7735.o(.text.ST7735_PlotPoints) refers to st7735.o(.bss.Ymax) for Ymax
    st7735.o(.text.ST7735_PlotPoints) refers to st7735.o(.bss.Yrange) for Yrange
    st7735.o(.text.ST7735_PlotPoints) refers to st7735.o(.bss.X) for X
    st7735.o(.text.ST7735_PlotPoints) refers to st7735.o(.text.ST7735_DrawPixel) for ST7735_DrawPixel
    st7735.o(.ARM.exidx.text.ST7735_PlotPoints) refers to st7735.o(.text.ST7735_PlotPoints) for [Anonymous Symbol]
    st7735.o(.text.ST7735_PlotBar) refers to st7735.o(.bss.Ymin) for Ymin
    st7735.o(.text.ST7735_PlotBar) refers to st7735.o(.bss.Ymax) for Ymax
    st7735.o(.text.ST7735_PlotBar) refers to st7735.o(.bss.Yrange) for Yrange
    st7735.o(.text.ST7735_PlotBar) refers to st7735.o(.bss.X) for X
    st7735.o(.text.ST7735_PlotBar) refers to st7735.o(.text.ST7735_DrawFastVLine) for ST7735_DrawFastVLine
    st7735.o(.ARM.exidx.text.ST7735_PlotBar) refers to st7735.o(.text.ST7735_PlotBar) for [Anonymous Symbol]
    st7735.o(.text.ST7735_PlotdBfs) refers to st7735.o(.rodata.dBfs) for dBfs
    st7735.o(.text.ST7735_PlotdBfs) refers to st7735.o(.bss.X) for X
    st7735.o(.text.ST7735_PlotdBfs) refers to st7735.o(.text.ST7735_DrawFastVLine) for ST7735_DrawFastVLine
    st7735.o(.ARM.exidx.text.ST7735_PlotdBfs) refers to st7735.o(.text.ST7735_PlotdBfs) for [Anonymous Symbol]
    st7735.o(.text.ST7735_PlotNext) refers to st7735.o(.bss.X) for X
    st7735.o(.ARM.exidx.text.ST7735_PlotNext) refers to st7735.o(.text.ST7735_PlotNext) for [Anonymous Symbol]
    st7735.o(.text.ST7735_PlotNextErase) refers to st7735.o(.bss.X) for X
    st7735.o(.text.ST7735_PlotNextErase) refers to st7735.o(.text.ST7735_Color565) for ST7735_Color565
    st7735.o(.text.ST7735_PlotNextErase) refers to st7735.o(.text.ST7735_DrawFastVLine) for ST7735_DrawFastVLine
    st7735.o(.ARM.exidx.text.ST7735_PlotNextErase) refers to st7735.o(.text.ST7735_PlotNextErase) for [Anonymous Symbol]
    st7735.o(.text.ST7735_OutChar) refers to st7735.o(.bss.StY) for StY
    st7735.o(.text.ST7735_OutChar) refers to st7735.o(.bss.StX) for StX
    st7735.o(.text.ST7735_OutChar) refers to st7735.o(.data.StTextColor) for StTextColor
    st7735.o(.text.ST7735_OutChar) refers to st7735.o(.rodata.str1.1) for .L.str
    st7735.o(.text.ST7735_OutChar) refers to st7735.o(.text.ST7735_DrawString) for ST7735_DrawString
    st7735.o(.text.ST7735_OutChar) refers to st7735.o(.text.ST7735_DrawCharS) for ST7735_DrawCharS
    st7735.o(.ARM.exidx.text.ST7735_OutChar) refers to st7735.o(.text.ST7735_OutChar) for [Anonymous Symbol]
    st7735.o(.text.ST7735_OutString) refers to st7735.o(.text.ST7735_OutChar) for ST7735_OutChar
    st7735.o(.ARM.exidx.text.ST7735_OutString) refers to st7735.o(.text.ST7735_OutString) for [Anonymous Symbol]
    st7735.o(.text.ST7735_SetTextColor) refers to st7735.o(.data.StTextColor) for StTextColor
    st7735.o(.ARM.exidx.text.ST7735_SetTextColor) refers to st7735.o(.text.ST7735_SetTextColor) for [Anonymous Symbol]
    st7735.o(.text.fputc) refers to st7735.o(.text.ST7735_OutChar) for ST7735_OutChar
    st7735.o(.ARM.exidx.text.fputc) refers to st7735.o(.text.fputc) for [Anonymous Symbol]
    st7735.o(.ARM.exidx.text.fgetc) refers to st7735.o(.text.fgetc) for [Anonymous Symbol]
    st7735.o(.ARM.exidx.text.ferror) refers to st7735.o(.text.ferror) for [Anonymous Symbol]
    st7735.o(.text.Output_Init) refers to st7735.o(.text.ST7735_InitR) for ST7735_InitR
    st7735.o(.text.Output_Init) refers to st7735.o(.text.ST7735_FillScreen) for ST7735_FillScreen
    st7735.o(.ARM.exidx.text.Output_Init) refers to st7735.o(.text.Output_Init) for [Anonymous Symbol]
    st7735.o(.text.Output_Clear) refers to st7735.o(.text.ST7735_FillScreen) for ST7735_FillScreen
    st7735.o(.ARM.exidx.text.Output_Clear) refers to st7735.o(.text.Output_Clear) for [Anonymous Symbol]
    st7735.o(.text.Output_Off) refers to st7735.o(.text.Output_Clear) for Output_Clear
    st7735.o(.ARM.exidx.text.Output_Off) refers to st7735.o(.text.Output_Off) for [Anonymous Symbol]
    st7735.o(.text.Output_On) refers to st7735.o(.text.Output_Init) for Output_Init
    st7735.o(.ARM.exidx.text.Output_On) refers to st7735.o(.text.Output_On) for [Anonymous Symbol]
    st7735.o(.text.Output_Color) refers to st7735.o(.text.ST7735_SetTextColor) for ST7735_SetTextColor
    st7735.o(.ARM.exidx.text.Output_Color) refers to st7735.o(.text.Output_Color) for [Anonymous Symbol]
    adc.o(.ARM.exidx.text.ADC_Init) refers to adc.o(.text.ADC_Init) for [Anonymous Symbol]
    adc.o(.ARM.exidx.text.ADC_In) refers to adc.o(.text.ADC_In) for [Anonymous Symbol]
    uart1.o(.ARM.exidx.text.UART1_Init) refers to uart1.o(.text.UART1_Init) for [Anonymous Symbol]
    uart1.o(.ARM.exidx.text.UART1_InChar) refers to uart1.o(.text.UART1_InChar) for [Anonymous Symbol]
    uart1.o(.ARM.exidx.text.UART1_InMessage) refers to uart1.o(.text.UART1_InMessage) for [Anonymous Symbol]
    uart1.o(.ARM.exidx.text.UART1_OutChar) refers to uart1.o(.text.UART1_OutChar) for [Anonymous Symbol]
    uart1.o(.text.UART1_Handler) refers to fifo.o(.text.Fifo_Put) for Fifo_Put
    uart1.o(.text.UART1_Handler) refers to uart1.o(.bss.Counter) for Counter
    uart1.o(.ARM.exidx.text.UART1_Handler) refers to uart1.o(.text.UART1_Handler) for [Anonymous Symbol]
    myfifo.o(.text.MyFifo_Init) refers to myfifo.o(.data.MyFIFO_SIZE) for MyFIFO_SIZE
    myfifo.o(.text.MyFifo_Init) refers to myfifo.o(.bss.MyGetI) for MyGetI
    myfifo.o(.text.MyFifo_Init) refers to myfifo.o(.bss.MyPutI) for MyPutI
    myfifo.o(.ARM.exidx.text.MyFifo_Init) refers to myfifo.o(.text.MyFifo_Init) for [Anonymous Symbol]
    myfifo.o(.text.MyFifo_Put) refers to myfifo.o(.bss.MyPutI) for MyPutI
    myfifo.o(.text.MyFifo_Put) refers to myfifo.o(.data.MyFIFO_SIZE) for MyFIFO_SIZE
    myfifo.o(.text.MyFifo_Put) refers to myfifo.o(.bss.MyGetI) for MyGetI
    myfifo.o(.text.MyFifo_Put) refers to myfifo.o(.bss.MyFifo) for MyFifo
    myfifo.o(.ARM.exidx.text.MyFifo_Put) refers to myfifo.o(.text.MyFifo_Put) for [Anonymous Symbol]
    myfifo.o(.text.MyFifo_Getold) refers to myfifo.o(.bss.MyGetI) for MyGetI
    myfifo.o(.text.MyFifo_Getold) refers to myfifo.o(.bss.MyPutI) for MyPutI
    myfifo.o(.text.MyFifo_Getold) refers to myfifo.o(.bss.MyFifo) for MyFifo
    myfifo.o(.text.MyFifo_Getold) refers to myfifo.o(.data.MyFIFO_SIZE) for MyFIFO_SIZE
    myfifo.o(.ARM.exidx.text.MyFifo_Getold) refers to myfifo.o(.text.MyFifo_Getold) for [Anonymous Symbol]
    myfifo.o(.text.MyFifo_Get) refers to myfifo.o(.bss.MyGetI) for MyGetI
    myfifo.o(.text.MyFifo_Get) refers to myfifo.o(.bss.MyPutI) for MyPutI
    myfifo.o(.text.MyFifo_Get) refers to myfifo.o(.data.MyFIFO_SIZE) for MyFIFO_SIZE
    myfifo.o(.text.MyFifo_Get) refers to myfifo.o(.bss.MyFifo) for MyFifo
    myfifo.o(.ARM.exidx.text.MyFifo_Get) refers to myfifo.o(.text.MyFifo_Get) for [Anonymous Symbol]
    __main.o(!!!main) refers to __rtentry.o(.ARM.Collect$$rtentry$$00000000) for __rt_entry
    __rtentry.o(.ARM.Collect$$rtentry$$00000000) refers (Special) to __rtentry2.o(.ARM.Collect$$rtentry$$0000000A) for __rt_entry_li
    __rtentry.o(.ARM.Collect$$rtentry$$00000000) refers (Special) to __rtentry2.o(.ARM.Collect$$rtentry$$0000000D) for __rt_entry_main
    __rtentry.o(.ARM.Collect$$rtentry$$00000000) refers (Special) to __rtentry2.o(.ARM.Collect$$rtentry$$0000000C) for __rt_entry_postli_1
    __rtentry.o(.ARM.Collect$$rtentry$$00000000) refers (Special) to __rtentry2.o(.ARM.Collect$$rtentry$$00000009) for __rt_entry_postsh_1
    __rtentry.o(.ARM.Collect$$rtentry$$00000000) refers (Special) to __rtentry2.o(.ARM.Collect$$rtentry$$00000002) for __rt_entry_presh_1
    __rtentry.o(.ARM.Collect$$rtentry$$00000000) refers (Special) to __rtentry4.o(.ARM.Collect$$rtentry$$00000004) for __rt_entry_sh
    __rtentry2.o(.ARM.Collect$$rtentry$$00000008) refers to boardinit2.o(.text) for _platform_post_stackheap_init
    __rtentry2.o(.ARM.Collect$$rtentry$$0000000A) refers to libinit.o(.ARM.Collect$$libinit$$00000000) for __rt_lib_init
    __rtentry2.o(.ARM.Collect$$rtentry$$0000000B) refers to boardinit3.o(.text) for _platform_post_lib_init
    __rtentry2.o(.ARM.Collect$$rtentry$$0000000D) refers to lab9.o(.text.main) for main
    __rtentry2.o(.ARM.Collect$$rtentry$$0000000D) refers to exit.o(.text) for exit
    __rtentry2.o(.ARM.exidx) refers to __rtentry2.o(.ARM.Collect$$rtentry$$00000001) for .ARM.Collect$$rtentry$$00000001
    __rtentry2.o(.ARM.exidx) refers to __rtentry2.o(.ARM.Collect$$rtentry$$00000008) for .ARM.Collect$$rtentry$$00000008
    __rtentry2.o(.ARM.exidx) refers to __rtentry2.o(.ARM.Collect$$rtentry$$0000000A) for .ARM.Collect$$rtentry$$0000000A
    __rtentry2.o(.ARM.exidx) refers to __rtentry2.o(.ARM.Collect$$rtentry$$0000000B) for .ARM.Collect$$rtentry$$0000000B
    __rtentry2.o(.ARM.exidx) refers to __rtentry2.o(.ARM.Collect$$rtentry$$0000000D) for .ARM.Collect$$rtentry$$0000000D
    __rtentry4.o(.ARM.Collect$$rtentry$$00000004) refers to sys_stackheap_outer.o(.text) for __user_setup_stackheap
    __rtentry4.o(.ARM.exidx) refers to __rtentry4.o(.ARM.Collect$$rtentry$$00000004) for .ARM.Collect$$rtentry$$00000004
    sys_stackheap_outer.o(.text) refers to libspace.o(.text) for __user_perproc_libspace
    sys_stackheap_outer.o(.text) refers to startup.o(.text) for __user_initial_stackheap
    exit.o(.text) refers to rtexit.o(.ARM.Collect$$rtexit$$00000000) for __rt_exit
    libinit.o(.ARM.Collect$$libinit$$00000000) refers (Special) to libinit2.o(.ARM.Collect$$libinit$$00000030) for __rt_lib_init_alloca_1
    libinit.o(.ARM.Collect$$libinit$$00000000) refers (Special) to libinit2.o(.ARM.Collect$$libinit$$0000002E) for __rt_lib_init_argv_1
    libinit.o(.ARM.Collect$$libinit$$00000000) refers (Special) to libinit2.o(.ARM.Collect$$libinit$$0000001D) for __rt_lib_init_atexit_1
    libinit.o(.ARM.Collect$$libinit$$00000000) refers (Special) to libinit2.o(.ARM.Collect$$libinit$$00000023) for __rt_lib_init_clock_1
    libinit.o(.ARM.Collect$$libinit$$00000000) refers (Special) to libinit2.o(.ARM.Collect$$libinit$$00000034) for __rt_lib_init_cpp_1
    libinit.o(.ARM.Collect$$libinit$$00000000) refers (Special) to libinit2.o(.ARM.Collect$$libinit$$00000032) for __rt_lib_init_exceptions_1
    libinit.o(.ARM.Collect$$libinit$$00000000) refers (Special) to libinit2.o(.ARM.Collect$$libinit$$00000002) for __rt_lib_init_fp_1
    libinit.o(.ARM.Collect$$libinit$$00000000) refers (Special) to libinit2.o(.ARM.Collect$$libinit$$00000021) for __rt_lib_init_fp_trap_1
    libinit.o(.ARM.Collect$$libinit$$00000000) refers (Special) to libinit2.o(.ARM.Collect$$libinit$$00000025) for __rt_lib_init_getenv_1
    libinit.o(.ARM.Collect$$libinit$$00000000) refers (Special) to libinit2.o(.ARM.Collect$$libinit$$0000000C) for __rt_lib_init_heap_1
    libinit.o(.ARM.Collect$$libinit$$00000000) refers (Special) to libinit2.o(.ARM.Collect$$libinit$$00000013) for __rt_lib_init_lc_collate_1
    libinit.o(.ARM.Collect$$libinit$$00000000) refers (Special) to libinit2.o(.ARM.Collect$$libinit$$00000015) for __rt_lib_init_lc_ctype_1
    libinit.o(.ARM.Collect$$libinit$$00000000) refers (Special) to libinit2.o(.ARM.Collect$$libinit$$00000017) for __rt_lib_init_lc_monetary_1
    libinit.o(.ARM.Collect$$libinit$$00000000) refers (Special) to libinit2.o(.ARM.Collect$$libinit$$00000019) for __rt_lib_init_lc_numeric_1
    libinit.o(.ARM.Collect$$libinit$$00000000) refers (Special) to libinit2.o(.ARM.Collect$$libinit$$0000001B) for __rt_lib_init_lc_time_1
    libinit.o(.ARM.Collect$$libinit$$00000000) refers (Special) to libinit2.o(.ARM.Collect$$libinit$$00000006) for __rt_lib_init_preinit_1
    libinit.o(.ARM.Collect$$libinit$$00000000) refers (Special) to libinit2.o(.ARM.Collect$$libinit$$00000010) for __rt_lib_init_rand_1
    libinit.o(.ARM.Collect$$libinit$$00000000) refers (Special) to libinit2.o(.ARM.Collect$$libinit$$00000004) for __rt_lib_init_relocate_pie_1
    libinit.o(.ARM.Collect$$libinit$$00000000) refers (Special) to libinit2.o(.ARM.Collect$$libinit$$00000035) for __rt_lib_init_return
    libinit.o(.ARM.Collect$$libinit$$00000000) refers (Special) to libinit2.o(.ARM.Collect$$libinit$$0000001F) for __rt_lib_init_signal_1
    libinit.o(.ARM.Collect$$libinit$$00000000) refers (Special) to libinit2.o(.ARM.Collect$$libinit$$00000027) for __rt_lib_init_stdio_1
    libinit.o(.ARM.Collect$$libinit$$00000000) refers (Special) to libinit2.o(.ARM.Collect$$libinit$$0000000E) for __rt_lib_init_user_alloc_1
    libspace.o(.text) refers to libspace.o(.bss) for __libspace_start
    rtexit.o(.ARM.Collect$$rtexit$$00000000) refers (Special) to rtexit2.o(.ARM.Collect$$rtexit$$00000004) for __rt_exit_exit
    rtexit.o(.ARM.Collect$$rtexit$$00000000) refers (Special) to rtexit2.o(.ARM.Collect$$rtexit$$00000003) for __rt_exit_ls
    rtexit.o(.ARM.Collect$$rtexit$$00000000) refers (Special) to rtexit2.o(.ARM.Collect$$rtexit$$00000002) for __rt_exit_prels_1
    rtexit.o(.ARM.exidx) refers (Special) to rtexit2.o(.ARM.Collect$$rtexit$$00000004) for __rt_exit_exit
    rtexit.o(.ARM.exidx) refers (Special) to rtexit2.o(.ARM.Collect$$rtexit$$00000003) for __rt_exit_ls
    rtexit.o(.ARM.exidx) refers (Special) to rtexit2.o(.ARM.Collect$$rtexit$$00000002) for __rt_exit_prels_1
    rtexit.o(.ARM.exidx) refers to rtexit.o(.ARM.Collect$$rtexit$$00000000) for .ARM.Collect$$rtexit$$00000000
    libinit2.o(.ARM.Collect$$libinit$$00000012) refers to libinit2.o(.ARM.Collect$$libinit$$00000011) for .ARM.Collect$$libinit$$00000011
    libinit2.o(.ARM.Collect$$libinit$$00000014) refers to libinit2.o(.ARM.Collect$$libinit$$00000011) for .ARM.Collect$$libinit$$00000011
    libinit2.o(.ARM.Collect$$libinit$$00000016) refers to libinit2.o(.ARM.Collect$$libinit$$00000011) for .ARM.Collect$$libinit$$00000011
    libinit2.o(.ARM.Collect$$libinit$$00000018) refers to libinit2.o(.ARM.Collect$$libinit$$00000011) for .ARM.Collect$$libinit$$00000011
    libinit2.o(.ARM.Collect$$libinit$$0000001A) refers to libinit2.o(.ARM.Collect$$libinit$$00000011) for .ARM.Collect$$libinit$$00000011
    libinit2.o(.ARM.Collect$$libinit$$00000028) refers to argv_veneer.o(.emb_text) for __ARM_argv_veneer
    libinit2.o(.ARM.Collect$$libinit$$00000029) refers to argv_veneer.o(.emb_text) for __ARM_argv_veneer
    rtexit2.o(.ARM.Collect$$rtexit$$00000003) refers to libshutdown.o(.ARM.Collect$$libshutdown$$00000000) for __rt_lib_shutdown
    rtexit2.o(.ARM.Collect$$rtexit$$00000004) refers to sys_exit.o(.text) for _sys_exit
    rtexit2.o(.ARM.exidx) refers to rtexit2.o(.ARM.Collect$$rtexit$$00000001) for .ARM.Collect$$rtexit$$00000001
    rtexit2.o(.ARM.exidx) refers to rtexit2.o(.ARM.Collect$$rtexit$$00000003) for .ARM.Collect$$rtexit$$00000003
    rtexit2.o(.ARM.exidx) refers to rtexit2.o(.ARM.Collect$$rtexit$$00000004) for .ARM.Collect$$rtexit$$00000004
    argv_veneer.o(.emb_text) refers to no_argv.o(.text) for __ARM_get_argv
    sys_exit.o(.text) refers (Special) to use_no_semi.o(.text) for __I$use$semihosting
    sys_exit.o(.text) refers (Special) to indicate_semi.o(.text) for __semihosting_library_function
    sys_exit_hlt.o(.text) refers (Special) to use_no_semi.o(.text) for __I$use$semihosting
    sys_exit_hlt.o(.text) refers (Special) to indicate_semi.o(.text) for __semihosting_library_function
    _get_argv_nomalloc.o(.text) refers (Special) to hrguard.o(.text) for __heap_region$guard
    _get_argv_nomalloc.o(.text) refers to defsig_rtmem_outer.o(.text) for __rt_SIGRTMEM
    _get_argv_nomalloc.o(.text) refers to sys_command.o(.text) for _sys_command_string
    libshutdown.o(.ARM.Collect$$libshutdown$$00000000) refers (Special) to libshutdown2.o(.ARM.Collect$$libshutdown$$00000002) for __rt_lib_shutdown_cpp_1
    libshutdown.o(.ARM.Collect$$libshutdown$$00000000) refers (Special) to libshutdown2.o(.ARM.Collect$$libshutdown$$00000007) for __rt_lib_shutdown_fp_trap_1
    libshutdown.o(.ARM.Collect$$libshutdown$$00000000) refers (Special) to libshutdown2.o(.ARM.Collect$$libshutdown$$0000000F) for __rt_lib_shutdown_heap_1
    libshutdown.o(.ARM.Collect$$libshutdown$$00000000) refers (Special) to libshutdown2.o(.ARM.Collect$$libshutdown$$00000010) for __rt_lib_shutdown_return
    libshutdown.o(.ARM.Collect$$libshutdown$$00000000) refers (Special) to libshutdown2.o(.ARM.Collect$$libshutdown$$0000000A) for __rt_lib_shutdown_signal_1
    libshutdown.o(.ARM.Collect$$libshutdown$$00000000) refers (Special) to libshutdown2.o(.ARM.Collect$$libshutdown$$00000004) for __rt_lib_shutdown_stdio_1
    libshutdown.o(.ARM.Collect$$libshutdown$$00000000) refers (Special) to libshutdown2.o(.ARM.Collect$$libshutdown$$0000000C) for __rt_lib_shutdown_user_alloc_1
    sys_command.o(.text) refers (Special) to use_no_semi.o(.text) for __I$use$semihosting
    sys_command.o(.text) refers (Special) to indicate_semi.o(.text) for __semihosting_library_function
    sys_command_hlt.o(.text) refers (Special) to use_no_semi.o(.text) for __I$use$semihosting
    sys_command_hlt.o(.text) refers (Special) to indicate_semi.o(.text) for __semihosting_library_function
    defsig_rtmem_outer.o(.text) refers to defsig_rtmem_inner.o(.text) for __rt_SIGRTMEM_inner
    defsig_rtmem_outer.o(.text) refers to defsig_exit.o(.text) for __sig_exit
    defsig_rtmem_formal.o(.text) refers to rt_raise.o(.text) for __rt_raise
    rt_raise.o(.text) refers to __raise.o(.text) for __raise
    rt_raise.o(.text) refers to sys_exit.o(.text) for _sys_exit
    defsig_exit.o(.text) refers to sys_exit.o(.text) for _sys_exit
    defsig_rtmem_inner.o(.text) refers to defsig_general.o(.text) for __default_signal_display
    __raise.o(.text) refers to defsig.o(CL$$defsig) for __default_signal_handler
    defsig_general.o(.text) refers to sys_wrch.o(.text) for _ttywrch
    sys_wrch.o(.text) refers (Special) to use_no_semi.o(.text) for __I$use$semihosting
    sys_wrch.o(.text) refers (Special) to indicate_semi.o(.text) for __semihosting_library_function
    sys_wrch_hlt.o(.text) refers (Special) to use_no_semi.o(.text) for __I$use$semihosting
    sys_wrch_hlt.o(.text) refers (Special) to indicate_semi.o(.text) for __semihosting_library_function
    defsig.o(CL$$defsig) refers to defsig_rtmem_inner.o(.text) for __rt_SIGRTMEM_inner
    defsig_abrt_inner.o(.text) refers to defsig_general.o(.text) for __default_signal_display
    defsig_fpe_inner.o(.text) refers to defsig_general.o(.text) for __default_signal_display
    defsig_rtred_inner.o(.text) refers to defsig_general.o(.text) for __default_signal_display
    defsig_stak_inner.o(.text) refers to defsig_general.o(.text) for __default_signal_display
    defsig_pvfn_inner.o(.text) refers to defsig_general.o(.text) for __default_signal_display
    defsig_cppl_inner.o(.text) refers to defsig_general.o(.text) for __default_signal_display
    defsig_segv_inner.o(.text) refers to defsig_general.o(.text) for __default_signal_display
    defsig_other.o(.text) refers to defsig_general.o(.text) for __default_signal_display


==============================================================================

Removing Unused input sections from the image.

    Removing lab9.o(.text), (0 bytes).
    Removing lab9.o(.text.LogicAnalyzerTask), (38 bytes).
    Removing lab9.o(.ARM.exidx.text.LogicAnalyzerTask), (8 bytes).
    Removing lab9.o(.ARM.exidx.text.PortF_Init), (8 bytes).
    Removing lab9.o(.ARM.exidx.text.Timer3A_Init), (8 bytes).
    Removing lab9.o(.text.Timer3A_Stop), (26 bytes).
    Removing lab9.o(.ARM.exidx.text.Timer3A_Stop), (8 bytes).
    Removing lab9.o(.ARM.exidx.text.Convert), (8 bytes).
    Removing lab9.o(.ARM.exidx.text.main), (8 bytes).
    Removing lab9.o(.ARM.exidx.text.Timer3A_Handler), (8 bytes).
    Removing lab9.o(.text.Random32), (36 bytes).
    Removing lab9.o(.ARM.exidx.text.Random32), (8 bytes).
    Removing lab9.o(.text.Random), (30 bytes).
    Removing lab9.o(.ARM.exidx.text.Random), (8 bytes).
    Removing lab9.o(.text.main2), (536 bytes).
    Removing lab9.o(.ARM.exidx.text.main2), (8 bytes).
    Removing lab9.o(.bss.M), (4 bytes).
    Removing lab9.o(.bss.FifoError), (4 bytes).
    Removing lab9.o(.bss.Position), (4 bytes).
    Removing lab9.o(.ARM.use_no_argv), (4 bytes).
    Removing fifo.o(.text), (0 bytes).
    Removing fifo.o(.ARM.exidx.text.Fifo_Init), (8 bytes).
    Removing fifo.o(.ARM.exidx.text.Fifo_Put), (8 bytes).
    Removing fifo.o(.ARM.exidx.text.Fifo_Get), (8 bytes).
    Removing texas.o(.text), (0 bytes).
    Removing texas.o(.text.TExaS_Init), (162 bytes).
    Removing texas.o(.ARM.exidx.text.TExaS_Init), (8 bytes).
    Removing texas.o(.ARM.exidx.text.PLL_Init), (8 bytes).
    Removing texas.o(.text.UART0_Init), (194 bytes).
    Removing texas.o(.ARM.exidx.text.UART0_Init), (8 bytes).
    Removing texas.o(.ARM.exidx.text.Timer5A_Handler), (8 bytes).
    Removing texas.o(.text.TExaS_Stop), (28 bytes).
    Removing texas.o(.ARM.exidx.text.TExaS_Stop), (8 bytes).
    Removing texas.o(.bss.PortDataAddr), (4 bytes).
    Removing st7735.o(.text), (0 bytes).
    Removing st7735.o(.ARM.exidx.text.writecommand), (8 bytes).
    Removing st7735.o(.ARM.exidx.text.writedata), (8 bytes).
    Removing st7735.o(.ARM.exidx.text.Delay1ms), (8 bytes).
    Removing st7735.o(.text.ST7735_InitB), (50 bytes).
    Removing st7735.o(.ARM.exidx.text.ST7735_InitB), (8 bytes).
    Removing st7735.o(.ARM.exidx.text.commonInit), (8 bytes).
    Removing st7735.o(.ARM.exidx.text.ST7735_SetCursor), (8 bytes).
    Removing st7735.o(.ARM.exidx.text.ST7735_FillScreen), (8 bytes).
    Removing st7735.o(.ARM.exidx.text.ST7735_InitR), (8 bytes).
    Removing st7735.o(.ARM.exidx.text.commandList), (8 bytes).
    Removing st7735.o(.ARM.exidx.text.ST7735_DrawPixel), (8 bytes).
    Removing st7735.o(.ARM.exidx.text.setAddrWindow), (8 bytes).
    Removing st7735.o(.ARM.exidx.text.pushColor), (8 bytes).
    Removing st7735.o(.text.ST7735_DrawFastVLine), (198 bytes).
    Removing st7735.o(.ARM.exidx.text.ST7735_DrawFastVLine), (8 bytes).
    Removing st7735.o(.text.ST7735_DrawFastHLine), (198 bytes).
    Removing st7735.o(.ARM.exidx.text.ST7735_DrawFastHLine), (8 bytes).
    Removing st7735.o(.ARM.exidx.text.ST7735_FillRect), (8 bytes).
    Removing st7735.o(.text.ST7735_DrawSmallCircle), (218 bytes).
    Removing st7735.o(.ARM.exidx.text.ST7735_DrawSmallCircle), (8 bytes).
    Removing st7735.o(.text.deselect), (36 bytes).
    Removing st7735.o(.ARM.exidx.text.deselect), (8 bytes).
    Removing st7735.o(.text.ST7735_DrawCircle), (218 bytes).
    Removing st7735.o(.ARM.exidx.text.ST7735_DrawCircle), (8 bytes).
    Removing st7735.o(.text.ST7735_Color565), (48 bytes).
    Removing st7735.o(.ARM.exidx.text.ST7735_Color565), (8 bytes).
    Removing st7735.o(.text.ST7735_SwapColor), (28 bytes).
    Removing st7735.o(.ARM.exidx.text.ST7735_SwapColor), (8 bytes).
    Removing st7735.o(.text.ST7735_DrawBitmap), (588 bytes).
    Removing st7735.o(.ARM.exidx.text.ST7735_DrawBitmap), (8 bytes).
    Removing st7735.o(.ARM.exidx.text.ST7735_DrawCharS), (8 bytes).
    Removing st7735.o(.text.ST7735_DrawChar), (428 bytes).
    Removing st7735.o(.ARM.exidx.text.ST7735_DrawChar), (8 bytes).
    Removing st7735.o(.ARM.exidx.text.ST7735_DrawString), (8 bytes).
    Removing st7735.o(.text.ST7735_OutUDec), (184 bytes).
    Removing st7735.o(.ARM.exidx.text.ST7735_OutUDec), (8 bytes).
    Removing st7735.o(.text.ST7735_OutFix), (184 bytes).
    Removing st7735.o(.ARM.exidx.text.ST7735_OutFix), (8 bytes).
    Removing st7735.o(.text.ST7735_SetRotation), (290 bytes).
    Removing st7735.o(.ARM.exidx.text.ST7735_SetRotation), (8 bytes).
    Removing st7735.o(.text.ST7735_InvertDisplay), (32 bytes).
    Removing st7735.o(.ARM.exidx.text.ST7735_InvertDisplay), (8 bytes).
    Removing st7735.o(.text.ST7735_PlotClear), (144 bytes).
    Removing st7735.o(.ARM.exidx.text.ST7735_PlotClear), (8 bytes).
    Removing st7735.o(.text.ST7735_PlotPoint), (222 bytes).
    Removing st7735.o(.ARM.exidx.text.ST7735_PlotPoint), (8 bytes).
    Removing st7735.o(.text.ST7735_PlotLine), (462 bytes).
    Removing st7735.o(.ARM.exidx.text.ST7735_PlotLine), (8 bytes).
    Removing st7735.o(.text.ST7735_PlotPoints), (314 bytes).
    Removing st7735.o(.ARM.exidx.text.ST7735_PlotPoints), (8 bytes).
    Removing st7735.o(.text.ST7735_PlotBar), (138 bytes).
    Removing st7735.o(.ARM.exidx.text.ST7735_PlotBar), (8 bytes).
    Removing st7735.o(.text.ST7735_PlotdBfs), (96 bytes).
    Removing st7735.o(.ARM.exidx.text.ST7735_PlotdBfs), (8 bytes).
    Removing st7735.o(.text.ST7735_PlotNext), (48 bytes).
    Removing st7735.o(.ARM.exidx.text.ST7735_PlotNext), (8 bytes).
    Removing st7735.o(.text.ST7735_PlotNextErase), (90 bytes).
    Removing st7735.o(.ARM.exidx.text.ST7735_PlotNextErase), (8 bytes).
    Removing st7735.o(.ARM.exidx.text.ST7735_OutChar), (8 bytes).
    Removing st7735.o(.text.ST7735_OutString), (36 bytes).
    Removing st7735.o(.ARM.exidx.text.ST7735_OutString), (8 bytes).
    Removing st7735.o(.text.ST7735_SetTextColor), (24 bytes).
    Removing st7735.o(.ARM.exidx.text.ST7735_SetTextColor), (8 bytes).
    Removing st7735.o(.text.fputc), (22 bytes).
    Removing st7735.o(.ARM.exidx.text.fputc), (8 bytes).
    Removing st7735.o(.text.fgetc), (10 bytes).
    Removing st7735.o(.ARM.exidx.text.fgetc), (8 bytes).
    Removing st7735.o(.text.ferror), (12 bytes).
    Removing st7735.o(.ARM.exidx.text.ferror), (8 bytes).
    Removing st7735.o(.text.Output_Init), (16 bytes).
    Removing st7735.o(.ARM.exidx.text.Output_Init), (8 bytes).
    Removing st7735.o(.text.Output_Clear), (10 bytes).
    Removing st7735.o(.ARM.exidx.text.Output_Clear), (8 bytes).
    Removing st7735.o(.text.Output_Off), (8 bytes).
    Removing st7735.o(.ARM.exidx.text.Output_Off), (8 bytes).
    Removing st7735.o(.text.Output_On), (8 bytes).
    Removing st7735.o(.ARM.exidx.text.Output_On), (8 bytes).
    Removing st7735.o(.text.Output_Color), (18 bytes).
    Removing st7735.o(.ARM.exidx.text.Output_Color), (8 bytes).
    Removing st7735.o(.rodata.Bcmd), (103 bytes).
    Removing st7735.o(.rodata.smallCircle), (36 bytes).
    Removing st7735.o(.rodata.circle), (60 bytes).
    Removing st7735.o(.bss.Message), (12 bytes).
    Removing st7735.o(.bss.Rotation), (1 bytes).
    Removing st7735.o(.bss.Ymax), (4 bytes).
    Removing st7735.o(.bss.Ymin), (4 bytes).
    Removing st7735.o(.bss.Yrange), (4 bytes).
    Removing st7735.o(.bss.X), (4 bytes).
    Removing st7735.o(.bss.lastj), (4 bytes).
    Removing st7735.o(.rodata.dBfs), (512 bytes).
    Removing st7735.o(.bss.Messageindex), (4 bytes).
    Removing adc.o(.text), (0 bytes).
    Removing adc.o(.ARM.exidx.text.ADC_Init), (8 bytes).
    Removing adc.o(.ARM.exidx.text.ADC_In), (8 bytes).
    Removing adc.o(.bss.delay), (4 bytes).
    Removing uart1.o(.text), (0 bytes).
    Removing uart1.o(.ARM.exidx.text.UART1_Init), (8 bytes).
    Removing uart1.o(.text.UART1_InChar), (36 bytes).
    Removing uart1.o(.ARM.exidx.text.UART1_InChar), (8 bytes).
    Removing uart1.o(.text.UART1_InMessage), (8 bytes).
    Removing uart1.o(.ARM.exidx.text.UART1_InMessage), (8 bytes).
    Removing uart1.o(.ARM.exidx.text.UART1_OutChar), (8 bytes).
    Removing uart1.o(.ARM.exidx.text.UART1_Handler), (8 bytes).
    Removing myfifo.o(.text), (0 bytes).
    Removing myfifo.o(.text.MyFifo_Init), (40 bytes).
    Removing myfifo.o(.ARM.exidx.text.MyFifo_Init), (8 bytes).
    Removing myfifo.o(.text.MyFifo_Put), (74 bytes).
    Removing myfifo.o(.ARM.exidx.text.MyFifo_Put), (8 bytes).
    Removing myfifo.o(.text.MyFifo_Getold), (66 bytes).
    Removing myfifo.o(.ARM.exidx.text.MyFifo_Getold), (8 bytes).
    Removing myfifo.o(.text.MyFifo_Get), (66 bytes).
    Removing myfifo.o(.ARM.exidx.text.MyFifo_Get), (8 bytes).
    Removing myfifo.o(.data.MyFIFO_SIZE), (4 bytes).
    Removing myfifo.o(.bss.MyGetI), (4 bytes).
    Removing myfifo.o(.bss.MyPutI), (4 bytes).
    Removing myfifo.o(.bss.MyFifo), (64 bytes).

151 unused section(s) (total 7174 bytes) removed from the image.

==============================================================================

Image Symbol Table

    Local Symbols

    Symbol Name                              Value     Ov Type        Size  Object(Section)

    ../clib/angel/boardlib.s                 0x00000000   Number         0  boardinit1.o ABSOLUTE
    ../clib/angel/boardlib.s                 0x00000000   Number         0  boardinit2.o ABSOLUTE
    ../clib/angel/boardlib.s                 0x00000000   Number         0  boardinit3.o ABSOLUTE
    ../clib/angel/boardlib.s                 0x00000000   Number         0  boardshut.o ABSOLUTE
    ../clib/angel/handlers.s                 0x00000000   Number         0  __scatter_copy.o ABSOLUTE
    ../clib/angel/handlers.s                 0x00000000   Number         0  __scatter_zi.o ABSOLUTE
    ../clib/angel/kernel.s                   0x00000000   Number         0  __rtentry.o ABSOLUTE
    ../clib/angel/kernel.s                   0x00000000   Number         0  __rtentry2.o ABSOLUTE
    ../clib/angel/kernel.s                   0x00000000   Number         0  __rtentry4.o ABSOLUTE
    ../clib/angel/kernel.s                   0x00000000   Number         0  rtexit.o ABSOLUTE
    ../clib/angel/kernel.s                   0x00000000   Number         0  rtexit2.o ABSOLUTE
    ../clib/angel/rt.s                       0x00000000   Number         0  rt_raise.o ABSOLUTE
    ../clib/angel/scatter.s                  0x00000000   Number         0  __scatter.o ABSOLUTE
    ../clib/angel/startup.s                  0x00000000   Number         0  __main.o ABSOLUTE
    ../clib/angel/sys.s                      0x00000000   Number         0  sys_stackheap_outer.o ABSOLUTE
    ../clib/angel/sys.s                      0x00000000   Number         0  libspace.o ABSOLUTE
    ../clib/angel/sys.s                      0x00000000   Number         0  use_no_semi.o ABSOLUTE
    ../clib/angel/sys.s                      0x00000000   Number         0  indicate_semi.o ABSOLUTE
    ../clib/angel/sysapp.c                   0x00000000   Number         0  sys_exit.o ABSOLUTE
    ../clib/angel/sysapp.c                   0x00000000   Number         0  sys_exit_hlt.o ABSOLUTE
    ../clib/angel/sysapp.c                   0x00000000   Number         0  sys_command.o ABSOLUTE
    ../clib/angel/sysapp.c                   0x00000000   Number         0  sys_command_hlt.o ABSOLUTE
    ../clib/angel/sysapp.c                   0x00000000   Number         0  sys_wrch.o ABSOLUTE
    ../clib/angel/sysapp.c                   0x00000000   Number         0  sys_wrch_hlt.o ABSOLUTE
    ../clib/armsys.c                         0x00000000   Number         0  argv_veneer.o ABSOLUTE
    ../clib/armsys.c                         0x00000000   Number         0  argv_veneer.o ABSOLUTE
    ../clib/armsys.c                         0x00000000   Number         0  _get_argv_nomalloc.o ABSOLUTE
    ../clib/armsys.c                         0x00000000   Number         0  no_argv.o ABSOLUTE
    ../clib/heapalloc.c                      0x00000000   Number         0  hrguard.o ABSOLUTE
    ../clib/heapaux.c                        0x00000000   Number         0  heapauxi.o ABSOLUTE
    ../clib/libinit.s                        0x00000000   Number         0  libinit.o ABSOLUTE
    ../clib/libinit.s                        0x00000000   Number         0  libinit2.o ABSOLUTE
    ../clib/libinit.s                        0x00000000   Number         0  libshutdown.o ABSOLUTE
    ../clib/libinit.s                        0x00000000   Number         0  libshutdown2.o ABSOLUTE
    ../clib/signal.c                         0x00000000   Number         0  defsig_rtmem_outer.o ABSOLUTE
    ../clib/signal.c                         0x00000000   Number         0  defsig_rtmem_formal.o ABSOLUTE
    ../clib/signal.c                         0x00000000   Number         0  defsig_exit.o ABSOLUTE
    ../clib/signal.c                         0x00000000   Number         0  defsig_rtmem_inner.o ABSOLUTE
    ../clib/signal.c                         0x00000000   Number         0  __raise.o ABSOLUTE
    ../clib/signal.c                         0x00000000   Number         0  defsig_general.o ABSOLUTE
    ../clib/signal.c                         0x00000000   Number         0  defsig_abrt_inner.o ABSOLUTE
    ../clib/signal.c                         0x00000000   Number         0  defsig_fpe_inner.o ABSOLUTE
    ../clib/signal.c                         0x00000000   Number         0  defsig_rtred_inner.o ABSOLUTE
    ../clib/signal.c                         0x00000000   Number         0  defsig_stak_inner.o ABSOLUTE
    ../clib/signal.c                         0x00000000   Number         0  defsig_pvfn_inner.o ABSOLUTE
    ../clib/signal.c                         0x00000000   Number         0  defsig_cppl_inner.o ABSOLUTE
    ../clib/signal.c                         0x00000000   Number         0  defsig_segv_inner.o ABSOLUTE
    ../clib/signal.c                         0x00000000   Number         0  defsig_other.o ABSOLUTE
    ../clib/signal.s                         0x00000000   Number         0  defsig.o ABSOLUTE
    ../clib/stdlib.c                         0x00000000   Number         0  exit.o ABSOLUTE
    ../fplib/fpinit.s                        0x00000000   Number         0  fpinit.o ABSOLUTE
    ../fplib/fpinit_empty.s                  0x00000000   Number         0  fpinit_empty.o ABSOLUTE
    ..\inc\BusyWait.s                        0x00000000   Number         0  busywait.o ABSOLUTE
    ..\inc\StringConversion.s                0x00000000   Number         0  stringconversion.o ABSOLUTE
    ADC.c                                    0x00000000   Number         0  adc.o ABSOLUTE
    Fifo.c                                   0x00000000   Number         0  fifo.o ABSOLUTE
    Lab9.c                                   0x00000000   Number         0  lab9.o ABSOLUTE
    ST7735.c                                 0x00000000   Number         0  st7735.o ABSOLUTE
    TExaS.c                                  0x00000000   Number         0  texas.o ABSOLUTE
    UART1.c                                  0x00000000   Number         0  uart1.o ABSOLUTE
    dc.s                                     0x00000000   Number         0  dc.o ABSOLUTE
    myFifo.c                                 0x00000000   Number         0  myfifo.o ABSOLUTE
    startup.s                                0x00000000   Number         0  startup.o ABSOLUTE
    RESET                                    0x00000000   Section      644  startup.o(RESET)
    !!!main                                  0x00000284   Section        8  __main.o(!!!main)
    !!!scatter                               0x0000028c   Section       52  __scatter.o(!!!scatter)
    !!handler_copy                           0x000002c0   Section       26  __scatter_copy.o(!!handler_copy)
    !!handler_zi                             0x000002dc   Section       28  __scatter_zi.o(!!handler_zi)
    .ARM.Collect$$libinit$$00000000          0x000002f8   Section        2  libinit.o(.ARM.Collect$$libinit$$00000000)
    .ARM.Collect$$libinit$$00000002          0x000002fa   Section        0  libinit2.o(.ARM.Collect$$libinit$$00000002)
    .ARM.Collect$$libinit$$00000004          0x000002fa   Section        0  libinit2.o(.ARM.Collect$$libinit$$00000004)
    .ARM.Collect$$libinit$$00000006          0x000002fa   Section        0  libinit2.o(.ARM.Collect$$libinit$$00000006)
    .ARM.Collect$$libinit$$0000000C          0x000002fa   Section        0  libinit2.o(.ARM.Collect$$libinit$$0000000C)
    .ARM.Collect$$libinit$$0000000E          0x000002fa   Section        0  libinit2.o(.ARM.Collect$$libinit$$0000000E)
    .ARM.Collect$$libinit$$00000010          0x000002fa   Section        0  libinit2.o(.ARM.Collect$$libinit$$00000010)
    .ARM.Collect$$libinit$$00000013          0x000002fa   Section        0  libinit2.o(.ARM.Collect$$libinit$$00000013)
    .ARM.Collect$$libinit$$00000015          0x000002fa   Section        0  libinit2.o(.ARM.Collect$$libinit$$00000015)
    .ARM.Collect$$libinit$$00000017          0x000002fa   Section        0  libinit2.o(.ARM.Collect$$libinit$$00000017)
    .ARM.Collect$$libinit$$00000019          0x000002fa   Section        0  libinit2.o(.ARM.Collect$$libinit$$00000019)
    .ARM.Collect$$libinit$$0000001B          0x000002fa   Section        0  libinit2.o(.ARM.Collect$$libinit$$0000001B)
    .ARM.Collect$$libinit$$0000001D          0x000002fa   Section        0  libinit2.o(.ARM.Collect$$libinit$$0000001D)
    .ARM.Collect$$libinit$$0000001F          0x000002fa   Section        0  libinit2.o(.ARM.Collect$$libinit$$0000001F)
    .ARM.Collect$$libinit$$00000021          0x000002fa   Section        0  libinit2.o(.ARM.Collect$$libinit$$00000021)
    .ARM.Collect$$libinit$$00000023          0x000002fa   Section        0  libinit2.o(.ARM.Collect$$libinit$$00000023)
    .ARM.Collect$$libinit$$00000025          0x000002fa   Section        0  libinit2.o(.ARM.Collect$$libinit$$00000025)
    .ARM.Collect$$libinit$$00000027          0x000002fa   Section        0  libinit2.o(.ARM.Collect$$libinit$$00000027)
    .ARM.Collect$$libinit$$0000002E          0x000002fa   Section        0  libinit2.o(.ARM.Collect$$libinit$$0000002E)
    .ARM.Collect$$libinit$$00000030          0x000002fa   Section        0  libinit2.o(.ARM.Collect$$libinit$$00000030)
    .ARM.Collect$$libinit$$00000032          0x000002fa   Section        0  libinit2.o(.ARM.Collect$$libinit$$00000032)
    .ARM.Collect$$libinit$$00000034          0x000002fa   Section        0  libinit2.o(.ARM.Collect$$libinit$$00000034)
    .ARM.Collect$$libinit$$00000035          0x000002fa   Section        2  libinit2.o(.ARM.Collect$$libinit$$00000035)
    .ARM.Collect$$libshutdown$$00000000      0x000002fc   Section        2  libshutdown.o(.ARM.Collect$$libshutdown$$00000000)
    .ARM.Collect$$libshutdown$$00000002      0x000002fe   Section        0  libshutdown2.o(.ARM.Collect$$libshutdown$$00000002)
    .ARM.Collect$$libshutdown$$00000004      0x000002fe   Section        0  libshutdown2.o(.ARM.Collect$$libshutdown$$00000004)
    .ARM.Collect$$libshutdown$$00000007      0x000002fe   Section        0  libshutdown2.o(.ARM.Collect$$libshutdown$$00000007)
    .ARM.Collect$$libshutdown$$0000000A      0x000002fe   Section        0  libshutdown2.o(.ARM.Collect$$libshutdown$$0000000A)
    .ARM.Collect$$libshutdown$$0000000C      0x000002fe   Section        0  libshutdown2.o(.ARM.Collect$$libshutdown$$0000000C)
    .ARM.Collect$$libshutdown$$0000000F      0x000002fe   Section        0  libshutdown2.o(.ARM.Collect$$libshutdown$$0000000F)
    .ARM.Collect$$libshutdown$$00000010      0x000002fe   Section        2  libshutdown2.o(.ARM.Collect$$libshutdown$$00000010)
    .ARM.Collect$$rtentry$$00000000          0x00000300   Section        0  __rtentry.o(.ARM.Collect$$rtentry$$00000000)
    .ARM.Collect$$rtentry$$00000002          0x00000300   Section        0  __rtentry2.o(.ARM.Collect$$rtentry$$00000002)
    .ARM.Collect$$rtentry$$00000004          0x00000300   Section        6  __rtentry4.o(.ARM.Collect$$rtentry$$00000004)
    .ARM.Collect$$rtentry$$00000009          0x00000306   Section        0  __rtentry2.o(.ARM.Collect$$rtentry$$00000009)
    .ARM.Collect$$rtentry$$0000000A          0x00000306   Section        4  __rtentry2.o(.ARM.Collect$$rtentry$$0000000A)
    .ARM.Collect$$rtentry$$0000000C          0x0000030a   Section        0  __rtentry2.o(.ARM.Collect$$rtentry$$0000000C)
    .ARM.Collect$$rtentry$$0000000D          0x0000030a   Section        8  __rtentry2.o(.ARM.Collect$$rtentry$$0000000D)
    .ARM.Collect$$rtexit$$00000000           0x00000312   Section        2  rtexit.o(.ARM.Collect$$rtexit$$00000000)
    .ARM.Collect$$rtexit$$00000002           0x00000314   Section        0  rtexit2.o(.ARM.Collect$$rtexit$$00000002)
    .ARM.Collect$$rtexit$$00000003           0x00000314   Section        4  rtexit2.o(.ARM.Collect$$rtexit$$00000003)
    .ARM.Collect$$rtexit$$00000004           0x00000318   Section        6  rtexit2.o(.ARM.Collect$$rtexit$$00000004)
    .text                                    0x00000320   Section       48  startup.o(.text)
    .text                                    0x00000350   Section       64  busywait.o(.text)
    .text                                    0x00000390   Section      328  stringconversion.o(.text)
    .text                                    0x000004d8   Section        0  heapauxi.o(.text)
    .text                                    0x000004de   Section       74  sys_stackheap_outer.o(.text)
    .text                                    0x00000528   Section        0  exit.o(.text)
    .text                                    0x0000053c   Section        8  libspace.o(.text)
    .text                                    0x00000544   Section        0  sys_exit.o(.text)
    .text                                    0x00000550   Section        2  use_no_semi.o(.text)
    .text                                    0x00000552   Section        0  indicate_semi.o(.text)
    [Anonymous Symbol]                       0x00000554   Section        0  adc.o(.text.ADC_In)
    [Anonymous Symbol]                       0x0000059c   Section        0  adc.o(.text.ADC_Init)
    [Anonymous Symbol]                       0x00000684   Section        0  lab9.o(.text.Convert)
    [Anonymous Symbol]                       0x000006a8   Section        0  st7735.o(.text.Delay1ms)
    [Anonymous Symbol]                       0x000006d8   Section        0  fifo.o(.text.Fifo_Get)
    [Anonymous Symbol]                       0x0000073c   Section        0  fifo.o(.text.Fifo_Init)
    [Anonymous Symbol]                       0x00000754   Section        0  fifo.o(.text.Fifo_Put)
    [Anonymous Symbol]                       0x000007d0   Section        0  texas.o(.text.PLL_Init)
    [Anonymous Symbol]                       0x00000854   Section        0  lab9.o(.text.PortF_Init)
    [Anonymous Symbol]                       0x000008b0   Section        0  st7735.o(.text.ST7735_DrawCharS)
    [Anonymous Symbol]                       0x00000a64   Section        0  st7735.o(.text.ST7735_DrawPixel)
    [Anonymous Symbol]                       0x00000ad4   Section        0  st7735.o(.text.ST7735_DrawString)
    [Anonymous Symbol]                       0x00000b70   Section        0  st7735.o(.text.ST7735_FillRect)
    [Anonymous Symbol]                       0x00000cb0   Section        0  st7735.o(.text.ST7735_FillScreen)
    [Anonymous Symbol]                       0x00000ce4   Section        0  st7735.o(.text.ST7735_InitR)
    [Anonymous Symbol]                       0x00000d8c   Section        0  st7735.o(.text.ST7735_OutChar)
    [Anonymous Symbol]                       0x00000e9c   Section        0  st7735.o(.text.ST7735_SetCursor)
    [Anonymous Symbol]                       0x00000ed4   Section        0  lab9.o(.text.Timer3A_Handler)
    [Anonymous Symbol]                       0x00000f64   Section        0  lab9.o(.text.Timer3A_Init)
    [Anonymous Symbol]                       0x00000ff8   Section        0  texas.o(.text.Timer5A_Handler)
    [Anonymous Symbol]                       0x00001014   Section        0  uart1.o(.text.UART1_Handler)
    [Anonymous Symbol]                       0x00001090   Section        0  uart1.o(.text.UART1_Init)
    [Anonymous Symbol]                       0x00001194   Section        0  uart1.o(.text.UART1_OutChar)
    commandList                              0x000011c5   Thumb Code   170  st7735.o(.text.commandList)
    [Anonymous Symbol]                       0x000011c4   Section        0  st7735.o(.text.commandList)
    commonInit                               0x00001271   Thumb Code   418  st7735.o(.text.commonInit)
    [Anonymous Symbol]                       0x00001270   Section        0  st7735.o(.text.commonInit)
    [Anonymous Symbol]                       0x00001414   Section        0  lab9.o(.text.main)
    pushColor                                0x000014a5   Thumb Code    28  st7735.o(.text.pushColor)
    [Anonymous Symbol]                       0x000014a4   Section        0  st7735.o(.text.pushColor)
    setAddrWindow                            0x000014c1   Thumb Code   148  st7735.o(.text.setAddrWindow)
    [Anonymous Symbol]                       0x000014c0   Section        0  st7735.o(.text.setAddrWindow)
    [Anonymous Symbol]                       0x00001554   Section        0  st7735.o(.text.writecommand)
    [Anonymous Symbol]                       0x00001580   Section        0  st7735.o(.text.writedata)
    Font                                     0x000015ac   Data        1275  st7735.o(.rodata.Font)
    [Anonymous Symbol]                       0x000015ac   Section        0  st7735.o(.rodata.Font)
    Rcmd1                                    0x00001aa7   Data          59  st7735.o(.rodata.Rcmd1)
    [Anonymous Symbol]                       0x00001aa7   Section        0  st7735.o(.rodata.Rcmd1)
    Rcmd2green                               0x00001ae2   Data          13  st7735.o(.rodata.Rcmd2green)
    [Anonymous Symbol]                       0x00001ae2   Section        0  st7735.o(.rodata.Rcmd2green)
    Rcmd2red                                 0x00001aef   Data          13  st7735.o(.rodata.Rcmd2red)
    [Anonymous Symbol]                       0x00001aef   Section        0  st7735.o(.rodata.Rcmd2red)
    Rcmd3                                    0x00001afc   Data          43  st7735.o(.rodata.Rcmd3)
    [Anonymous Symbol]                       0x00001afc   Section        0  st7735.o(.rodata.Rcmd3)
    .L.str                                   0x00001b27   Data          22  st7735.o(.rodata.str1.1)
    [Anonymous Symbol]                       0x00001b27   Section        0  st7735.o(.rodata.str1.1)
    _height                                  0x20000002   Data           2  st7735.o(.data._height)
    [Anonymous Symbol]                       0x20000002   Section        0  st7735.o(.data._height)
    _width                                   0x20000004   Data           2  st7735.o(.data._width)
    [Anonymous Symbol]                       0x20000004   Section        0  st7735.o(.data._width)
    .bss                                     0x20000008   Section       96  libspace.o(.bss)
    ColStart                                 0x20000068   Data           1  st7735.o(.bss.ColStart)
    [Anonymous Symbol]                       0x20000068   Section        0  st7735.o(.bss.ColStart)
    RowStart                                 0x2000007f   Data           1  st7735.o(.bss.RowStart)
    [Anonymous Symbol]                       0x2000007f   Section        0  st7735.o(.bss.RowStart)
    TabColor                                 0x20000088   Data           1  st7735.o(.bss.TabColor)
    [Anonymous Symbol]                       0x20000088   Section        0  st7735.o(.bss.TabColor)
    HeapMem                                  0x20000098   Data           0  startup.o(HEAP)
    StackMem                                 0x20000098   Data           0  startup.o(STACK)
    HEAP                                     0x20000098   Section        0  startup.o(HEAP)
    STACK                                    0x20000098   Section     1024  startup.o(STACK)

    Global Symbols

    Symbol Name                              Value     Ov Type        Size  Object(Section)

    BuildAttributes$$THM_ISAv4$E$P$D$K$B$S$7EM$PE$A:L22UL41UL21$X:L11$S22US41US21$IEEE1$IW$~IW$USESV6$~STKCKD$USESV7$~SHL$OTIME$ROPI$EBA8$UX$STANDARDLIB$REQ8$PRES8$EABIv2 0x00000000   Number         0  anon$$obj.o ABSOLUTE
    __Vectors                                0x00000000   Data           0  startup.o(RESET)
    __fp_init_empty                          0x00000000   Number         0  fpinit_empty.o ABSOLUTE
    __ARM_exceptions_init                     - Undefined Weak Reference
    __alloca_initialize                       - Undefined Weak Reference
    __arm_preinit_                            - Undefined Weak Reference
    __arm_relocate_pie_                       - Undefined Weak Reference
    __cpp_initialize__aeabi_                  - Undefined Weak Reference
    __cxa_finalize                            - Undefined Weak Reference
    __rt_locale                               - Undefined Weak Reference
    __sigvec_lookup                           - Undefined Weak Reference
    _atexit_init                              - Undefined Weak Reference
    _call_atexit_fns                          - Undefined Weak Reference
    _clock_init                               - Undefined Weak Reference
    _fp_trap_init                             - Undefined Weak Reference
    _fp_trap_shutdown                         - Undefined Weak Reference
    _get_lc_collate                           - Undefined Weak Reference
    _get_lc_ctype                             - Undefined Weak Reference
    _get_lc_monetary                          - Undefined Weak Reference
    _get_lc_numeric                           - Undefined Weak Reference
    _get_lc_time                              - Undefined Weak Reference
    _getenv_init                              - Undefined Weak Reference
    _handle_redirection                       - Undefined Weak Reference
    _init_alloc                               - Undefined Weak Reference
    _init_user_alloc                          - Undefined Weak Reference
    _initio                                   - Undefined Weak Reference
    _rand_init                                - Undefined Weak Reference
    _signal_finish                            - Undefined Weak Reference
    _signal_init                              - Undefined Weak Reference
    _terminate_alloc                          - Undefined Weak Reference
    _terminate_user_alloc                     - Undefined Weak Reference
    _terminateio                              - Undefined Weak Reference
    Reset_Handler                            0x0000026d   Thumb Code     0  startup.o(RESET)
    NMI_Handler                              0x00000271   Thumb Code     2  startup.o(RESET)
    HardFault_Handler                        0x00000273   Thumb Code     2  startup.o(RESET)
    MemManage_Handler                        0x00000275   Thumb Code     2  startup.o(RESET)
    BusFault_Handler                         0x00000277   Thumb Code     2  startup.o(RESET)
    UsageFault_Handler                       0x00000279   Thumb Code     2  startup.o(RESET)
    SVC_Handler                              0x0000027b   Thumb Code     2  startup.o(RESET)
    DebugMon_Handler                         0x0000027d   Thumb Code     2  startup.o(RESET)
    PendSV_Handler                           0x0000027f   Thumb Code     2  startup.o(RESET)
    SysTick_Handler                          0x00000281   Thumb Code     2  startup.o(RESET)
    ADC0Seq0_Handler                         0x00000283   Thumb Code     0  startup.o(RESET)
    ADC0Seq1_Handler                         0x00000283   Thumb Code     0  startup.o(RESET)
    ADC0Seq2_Handler                         0x00000283   Thumb Code     0  startup.o(RESET)
    ADC0Seq3_Handler                         0x00000283   Thumb Code     0  startup.o(RESET)
    ADC1Seq0_Handler                         0x00000283   Thumb Code     0  startup.o(RESET)
    ADC1Seq1_Handler                         0x00000283   Thumb Code     0  startup.o(RESET)
    ADC1Seq2_Handler                         0x00000283   Thumb Code     0  startup.o(RESET)
    ADC1Seq3_Handler                         0x00000283   Thumb Code     0  startup.o(RESET)
    CAN0_Handler                             0x00000283   Thumb Code     0  startup.o(RESET)
    CAN1_Handler                             0x00000283   Thumb Code     0  startup.o(RESET)
    CAN2_Handler                             0x00000283   Thumb Code     0  startup.o(RESET)
    Comp0_Handler                            0x00000283   Thumb Code     0  startup.o(RESET)
    Comp1_Handler                            0x00000283   Thumb Code     0  startup.o(RESET)
    Comp2_Handler                            0x00000283   Thumb Code     0  startup.o(RESET)
    Ethernet_Handler                         0x00000283   Thumb Code     0  startup.o(RESET)
    ExtBus_Handler                           0x00000283   Thumb Code     0  startup.o(RESET)
    FPU_Handler                              0x00000283   Thumb Code     0  startup.o(RESET)
    Fan0_Handler                             0x00000283   Thumb Code     0  startup.o(RESET)
    FlashCtl_Handler                         0x00000283   Thumb Code     0  startup.o(RESET)
    GPIOPortA_Handler                        0x00000283   Thumb Code     0  startup.o(RESET)
    GPIOPortB_Handler                        0x00000283   Thumb Code     0  startup.o(RESET)
    GPIOPortC_Handler                        0x00000283   Thumb Code     0  startup.o(RESET)
    GPIOPortD_Handler                        0x00000283   Thumb Code     0  startup.o(RESET)
    GPIOPortE_Handler                        0x00000283   Thumb Code     0  startup.o(RESET)
    GPIOPortF_Handler                        0x00000283   Thumb Code     0  startup.o(RESET)
    GPIOPortG_Handler                        0x00000283   Thumb Code     0  startup.o(RESET)
    GPIOPortH_Handler                        0x00000283   Thumb Code     0  startup.o(RESET)
    GPIOPortJ_Handler                        0x00000283   Thumb Code     0  startup.o(RESET)
    GPIOPortK_Handler                        0x00000283   Thumb Code     0  startup.o(RESET)
    GPIOPortL_Handler                        0x00000283   Thumb Code     0  startup.o(RESET)
    GPIOPortM_Handler                        0x00000283   Thumb Code     0  startup.o(RESET)
    GPIOPortN_Handler                        0x00000283   Thumb Code     0  startup.o(RESET)
    GPIOPortP1_Handler                       0x00000283   Thumb Code     0  startup.o(RESET)
    GPIOPortP2_Handler                       0x00000283   Thumb Code     0  startup.o(RESET)
    GPIOPortP3_Handler                       0x00000283   Thumb Code     0  startup.o(RESET)
    GPIOPortP4_Handler                       0x00000283   Thumb Code     0  startup.o(RESET)
    GPIOPortP5_Handler                       0x00000283   Thumb Code     0  startup.o(RESET)
    GPIOPortP6_Handler                       0x00000283   Thumb Code     0  startup.o(RESET)
    GPIOPortP7_Handler                       0x00000283   Thumb Code     0  startup.o(RESET)
    GPIOPortP_Handler                        0x00000283   Thumb Code     0  startup.o(RESET)
    GPIOPortQ1_Handler                       0x00000283   Thumb Code     0  startup.o(RESET)
    GPIOPortQ2_Handler                       0x00000283   Thumb Code     0  startup.o(RESET)
    GPIOPortQ3_Handler                       0x00000283   Thumb Code     0  startup.o(RESET)
    GPIOPortQ4_Handler                       0x00000283   Thumb Code     0  startup.o(RESET)
    GPIOPortQ5_Handler                       0x00000283   Thumb Code     0  startup.o(RESET)
    GPIOPortQ6_Handler                       0x00000283   Thumb Code     0  startup.o(RESET)
    GPIOPortQ7_Handler                       0x00000283   Thumb Code     0  startup.o(RESET)
    GPIOPortQ_Handler                        0x00000283   Thumb Code     0  startup.o(RESET)
    GPIOPortR_Handler                        0x00000283   Thumb Code     0  startup.o(RESET)
    GPIOPortS_Handler                        0x00000283   Thumb Code     0  startup.o(RESET)
    Hibernate_Handler                        0x00000283   Thumb Code     0  startup.o(RESET)
    I2C0_Handler                             0x00000283   Thumb Code     0  startup.o(RESET)
    I2C1_Handler                             0x00000283   Thumb Code     0  startup.o(RESET)
    I2C2_Handler                             0x00000283   Thumb Code     0  startup.o(RESET)
    I2C3_Handler                             0x00000283   Thumb Code     0  startup.o(RESET)
    I2C4_Handler                             0x00000283   Thumb Code     0  startup.o(RESET)
    I2C5_Handler                             0x00000283   Thumb Code     0  startup.o(RESET)
    I2S0_Handler                             0x00000283   Thumb Code     0  startup.o(RESET)
    LPC0_Handler                             0x00000283   Thumb Code     0  startup.o(RESET)
    PECI0_Handler                            0x00000283   Thumb Code     0  startup.o(RESET)
    PWM0Fault_Handler                        0x00000283   Thumb Code     0  startup.o(RESET)
    PWM0Generator0_Handler                   0x00000283   Thumb Code     0  startup.o(RESET)
    PWM0Generator1_Handler                   0x00000283   Thumb Code     0  startup.o(RESET)
    PWM0Generator2_Handler                   0x00000283   Thumb Code     0  startup.o(RESET)
    PWM0Generator3_Handler                   0x00000283   Thumb Code     0  startup.o(RESET)
    PWM1Fault_Handler                        0x00000283   Thumb Code     0  startup.o(RESET)
    PWM1Generator0_Handler                   0x00000283   Thumb Code     0  startup.o(RESET)
    PWM1Generator1_Handler                   0x00000283   Thumb Code     0  startup.o(RESET)
    PWM1Generator2_Handler                   0x00000283   Thumb Code     0  startup.o(RESET)
    PWM1Generator3_Handler                   0x00000283   Thumb Code     0  startup.o(RESET)
    Quadrature0_Handler                      0x00000283   Thumb Code     0  startup.o(RESET)
    Quadrature1_Handler                      0x00000283   Thumb Code     0  startup.o(RESET)
    Quadrature2_Handler                      0x00000283   Thumb Code     0  startup.o(RESET)
    SSI0_Handler                             0x00000283   Thumb Code     0  startup.o(RESET)
    SSI1_Handler                             0x00000283   Thumb Code     0  startup.o(RESET)
    SSI2_Handler                             0x00000283   Thumb Code     0  startup.o(RESET)
    SSI3_Handler                             0x00000283   Thumb Code     0  startup.o(RESET)
    SysCtl_Handler                           0x00000283   Thumb Code     0  startup.o(RESET)
    Timer0A_Handler                          0x00000283   Thumb Code     0  startup.o(RESET)
    Timer0B_Handler                          0x00000283   Thumb Code     0  startup.o(RESET)
    Timer1A_Handler                          0x00000283   Thumb Code     0  startup.o(RESET)
    Timer1B_Handler                          0x00000283   Thumb Code     0  startup.o(RESET)
    Timer2A_Handler                          0x00000283   Thumb Code     0  startup.o(RESET)
    Timer2B_Handler                          0x00000283   Thumb Code     0  startup.o(RESET)
    Timer3B_Handler                          0x00000283   Thumb Code     0  startup.o(RESET)
    Timer4A_Handler                          0x00000283   Thumb Code     0  startup.o(RESET)
    Timer4B_Handler                          0x00000283   Thumb Code     0  startup.o(RESET)
    Timer5B_Handler                          0x00000283   Thumb Code     0  startup.o(RESET)
    UART0_Handler                            0x00000283   Thumb Code     0  startup.o(RESET)
    UART2_Handler                            0x00000283   Thumb Code     0  startup.o(RESET)
    UART3_Handler                            0x00000283   Thumb Code     0  startup.o(RESET)
    UART4_Handler                            0x00000283   Thumb Code     0  startup.o(RESET)
    UART5_Handler                            0x00000283   Thumb Code     0  startup.o(RESET)
    UART6_Handler                            0x00000283   Thumb Code     0  startup.o(RESET)
    UART7_Handler                            0x00000283   Thumb Code     0  startup.o(RESET)
    USB0_Handler                             0x00000283   Thumb Code     0  startup.o(RESET)
    WDT_Handler                              0x00000283   Thumb Code     0  startup.o(RESET)
    WideTimer0A_Handler                      0x00000283   Thumb Code     0  startup.o(RESET)
    WideTimer0B_Handler                      0x00000283   Thumb Code     0  startup.o(RESET)
    WideTimer1A_Handler                      0x00000283   Thumb Code     0  startup.o(RESET)
    WideTimer1B_Handler                      0x00000283   Thumb Code     0  startup.o(RESET)
    WideTimer2A_Handler                      0x00000283   Thumb Code     0  startup.o(RESET)
    WideTimer2B_Handler                      0x00000283   Thumb Code     0  startup.o(RESET)
    WideTimer3A_Handler                      0x00000283   Thumb Code     0  startup.o(RESET)
    WideTimer3B_Handler                      0x00000283   Thumb Code     0  startup.o(RESET)
    WideTimer4A_Handler                      0x00000283   Thumb Code     0  startup.o(RESET)
    WideTimer4B_Handler                      0x00000283   Thumb Code     0  startup.o(RESET)
    WideTimer5A_Handler                      0x00000283   Thumb Code     0  startup.o(RESET)
    WideTimer5B_Handler                      0x00000283   Thumb Code     0  startup.o(RESET)
    uDMA_Error                               0x00000283   Thumb Code     0  startup.o(RESET)
    uDMA_Handler                             0x00000283   Thumb Code     0  startup.o(RESET)
    __main                                   0x00000285   Thumb Code     8  __main.o(!!!main)
    __scatterload                            0x0000028d   Thumb Code     0  __scatter.o(!!!scatter)
    __scatterload_rt2                        0x0000028d   Thumb Code    44  __scatter.o(!!!scatter)
    __scatterload_rt2_thumb_only             0x0000028d   Thumb Code     0  __scatter.o(!!!scatter)
    __scatterload_null                       0x0000029b   Thumb Code     0  __scatter.o(!!!scatter)
    __scatterload_copy                       0x000002c1   Thumb Code    26  __scatter_copy.o(!!handler_copy)
    __scatterload_zeroinit                   0x000002dd   Thumb Code    28  __scatter_zi.o(!!handler_zi)
    __rt_lib_init                            0x000002f9   Thumb Code     0  libinit.o(.ARM.Collect$$libinit$$00000000)
    __rt_lib_init_alloca_1                   0x000002fb   Thumb Code     0  libinit2.o(.ARM.Collect$$libinit$$00000030)
    __rt_lib_init_argv_1                     0x000002fb   Thumb Code     0  libinit2.o(.ARM.Collect$$libinit$$0000002E)
    __rt_lib_init_atexit_1                   0x000002fb   Thumb Code     0  libinit2.o(.ARM.Collect$$libinit$$0000001D)
    __rt_lib_init_clock_1                    0x000002fb   Thumb Code     0  libinit2.o(.ARM.Collect$$libinit$$00000023)
    __rt_lib_init_cpp_1                      0x000002fb   Thumb Code     0  libinit2.o(.ARM.Collect$$libinit$$00000034)
    __rt_lib_init_exceptions_1               0x000002fb   Thumb Code     0  libinit2.o(.ARM.Collect$$libinit$$00000032)
    __rt_lib_init_fp_1                       0x000002fb   Thumb Code     0  libinit2.o(.ARM.Collect$$libinit$$00000002)
    __rt_lib_init_fp_trap_1                  0x000002fb   Thumb Code     0  libinit2.o(.ARM.Collect$$libinit$$00000021)
    __rt_lib_init_getenv_1                   0x000002fb   Thumb Code     0  libinit2.o(.ARM.Collect$$libinit$$00000025)
    __rt_lib_init_heap_1                     0x000002fb   Thumb Code     0  libinit2.o(.ARM.Collect$$libinit$$0000000C)
    __rt_lib_init_lc_collate_1               0x000002fb   Thumb Code     0  libinit2.o(.ARM.Collect$$libinit$$00000013)
    __rt_lib_init_lc_ctype_1                 0x000002fb   Thumb Code     0  libinit2.o(.ARM.Collect$$libinit$$00000015)
    __rt_lib_init_lc_monetary_1              0x000002fb   Thumb Code     0  libinit2.o(.ARM.Collect$$libinit$$00000017)
    __rt_lib_init_lc_numeric_1               0x000002fb   Thumb Code     0  libinit2.o(.ARM.Collect$$libinit$$00000019)
    __rt_lib_init_lc_time_1                  0x000002fb   Thumb Code     0  libinit2.o(.ARM.Collect$$libinit$$0000001B)
    __rt_lib_init_preinit_1                  0x000002fb   Thumb Code     0  libinit2.o(.ARM.Collect$$libinit$$00000006)
    __rt_lib_init_rand_1                     0x000002fb   Thumb Code     0  libinit2.o(.ARM.Collect$$libinit$$00000010)
    __rt_lib_init_relocate_pie_1             0x000002fb   Thumb Code     0  libinit2.o(.ARM.Collect$$libinit$$00000004)
    __rt_lib_init_return                     0x000002fb   Thumb Code     0  libinit2.o(.ARM.Collect$$libinit$$00000035)
    __rt_lib_init_signal_1                   0x000002fb   Thumb Code     0  libinit2.o(.ARM.Collect$$libinit$$0000001F)
    __rt_lib_init_stdio_1                    0x000002fb   Thumb Code     0  libinit2.o(.ARM.Collect$$libinit$$00000027)
    __rt_lib_init_user_alloc_1               0x000002fb   Thumb Code     0  libinit2.o(.ARM.Collect$$libinit$$0000000E)
    __rt_lib_shutdown                        0x000002fd   Thumb Code     0  libshutdown.o(.ARM.Collect$$libshutdown$$00000000)
    __rt_lib_shutdown_cpp_1                  0x000002ff   Thumb Code     0  libshutdown2.o(.ARM.Collect$$libshutdown$$00000002)
    __rt_lib_shutdown_fp_trap_1              0x000002ff   Thumb Code     0  libshutdown2.o(.ARM.Collect$$libshutdown$$00000007)
    __rt_lib_shutdown_heap_1                 0x000002ff   Thumb Code     0  libshutdown2.o(.ARM.Collect$$libshutdown$$0000000F)
    __rt_lib_shutdown_return                 0x000002ff   Thumb Code     0  libshutdown2.o(.ARM.Collect$$libshutdown$$00000010)
    __rt_lib_shutdown_signal_1               0x000002ff   Thumb Code     0  libshutdown2.o(.ARM.Collect$$libshutdown$$0000000A)
    __rt_lib_shutdown_stdio_1                0x000002ff   Thumb Code     0  libshutdown2.o(.ARM.Collect$$libshutdown$$00000004)
    __rt_lib_shutdown_user_alloc_1           0x000002ff   Thumb Code     0  libshutdown2.o(.ARM.Collect$$libshutdown$$0000000C)
    __rt_entry                               0x00000301   Thumb Code     0  __rtentry.o(.ARM.Collect$$rtentry$$00000000)
    __rt_entry_presh_1                       0x00000301   Thumb Code     0  __rtentry2.o(.ARM.Collect$$rtentry$$00000002)
    __rt_entry_sh                            0x00000301   Thumb Code     0  __rtentry4.o(.ARM.Collect$$rtentry$$00000004)
    __rt_entry_li                            0x00000307   Thumb Code     0  __rtentry2.o(.ARM.Collect$$rtentry$$0000000A)
    __rt_entry_postsh_1                      0x00000307   Thumb Code     0  __rtentry2.o(.ARM.Collect$$rtentry$$00000009)
    __rt_entry_main                          0x0000030b   Thumb Code     0  __rtentry2.o(.ARM.Collect$$rtentry$$0000000D)
    __rt_entry_postli_1                      0x0000030b   Thumb Code     0  __rtentry2.o(.ARM.Collect$$rtentry$$0000000C)
    __rt_exit                                0x00000313   Thumb Code     0  rtexit.o(.ARM.Collect$$rtexit$$00000000)
    __rt_exit_ls                             0x00000315   Thumb Code     0  rtexit2.o(.ARM.Collect$$rtexit$$00000003)
    __rt_exit_prels_1                        0x00000315   Thumb Code     0  rtexit2.o(.ARM.Collect$$rtexit$$00000002)
    __rt_exit_exit                           0x00000319   Thumb Code     0  rtexit2.o(.ARM.Collect$$rtexit$$00000004)
    DisableInterrupts                        0x00000321   Thumb Code     0  startup.o(.text)
    EnableInterrupts                         0x00000325   Thumb Code     0  startup.o(.text)
    StartCritical                            0x00000329   Thumb Code     0  startup.o(.text)
    EndCritical                              0x00000331   Thumb Code     0  startup.o(.text)
    WaitForInterrupt                         0x00000337   Thumb Code     0  startup.o(.text)
    __user_initial_stackheap                 0x0000033b   Thumb Code     0  startup.o(.text)
    SPIOutCommand                            0x00000351   Thumb Code     0  busywait.o(.text)
    SPIOutData                               0x00000375   Thumb Code     0  busywait.o(.text)
    Dec2String                               0x00000391   Thumb Code     0  stringconversion.o(.text)
    Fix2String                               0x000003eb   Thumb Code     0  stringconversion.o(.text)
    __use_two_region_memory                  0x000004d9   Thumb Code     2  heapauxi.o(.text)
    __rt_heap_escrow$2region                 0x000004db   Thumb Code     2  heapauxi.o(.text)
    __rt_heap_expand$2region                 0x000004dd   Thumb Code     2  heapauxi.o(.text)
    __user_setup_stackheap                   0x000004df   Thumb Code    74  sys_stackheap_outer.o(.text)
    exit                                     0x00000529   Thumb Code    18  exit.o(.text)
    __user_libspace                          0x0000053d   Thumb Code     8  libspace.o(.text)
    __user_perproc_libspace                  0x0000053d   Thumb Code     0  libspace.o(.text)
    __user_perthread_libspace                0x0000053d   Thumb Code     0  libspace.o(.text)
    _sys_exit                                0x00000545   Thumb Code     8  sys_exit.o(.text)
    __I$use$semihosting                      0x00000551   Thumb Code     0  use_no_semi.o(.text)
    __use_no_semihosting_swi                 0x00000551   Thumb Code     2  use_no_semi.o(.text)
    __semihosting_library_function           0x00000553   Thumb Code     0  indicate_semi.o(.text)
    ADC_In                                   0x00000555   Thumb Code    70  adc.o(.text.ADC_In)
    ADC_Init                                 0x0000059d   Thumb Code   232  adc.o(.text.ADC_Init)
    Convert                                  0x00000685   Thumb Code    34  lab9.o(.text.Convert)
    Delay1ms                                 0x000006a9   Thumb Code    46  st7735.o(.text.Delay1ms)
    Fifo_Get                                 0x000006d9   Thumb Code    98  fifo.o(.text.Fifo_Get)
    Fifo_Init                                0x0000073d   Thumb Code    24  fifo.o(.text.Fifo_Init)
    Fifo_Put                                 0x00000755   Thumb Code   122  fifo.o(.text.Fifo_Put)
    PLL_Init                                 0x000007d1   Thumb Code   132  texas.o(.text.PLL_Init)
    PortF_Init                               0x00000855   Thumb Code    90  lab9.o(.text.PortF_Init)
    ST7735_DrawCharS                         0x000008b1   Thumb Code   436  st7735.o(.text.ST7735_DrawCharS)
    ST7735_DrawPixel                         0x00000a65   Thumb Code   112  st7735.o(.text.ST7735_DrawPixel)
    ST7735_DrawString                        0x00000ad5   Thumb Code   154  st7735.o(.text.ST7735_DrawString)
    ST7735_FillRect                          0x00000b71   Thumb Code   318  st7735.o(.text.ST7735_FillRect)
    ST7735_FillScreen                        0x00000cb1   Thumb Code    52  st7735.o(.text.ST7735_FillScreen)
    ST7735_InitR                             0x00000ce5   Thumb Code   166  st7735.o(.text.ST7735_InitR)
    ST7735_OutChar                           0x00000d8d   Thumb Code   270  st7735.o(.text.ST7735_OutChar)
    ST7735_SetCursor                         0x00000e9d   Thumb Code    54  st7735.o(.text.ST7735_SetCursor)
    Timer3A_Handler                          0x00000ed5   Thumb Code   142  lab9.o(.text.Timer3A_Handler)
    Timer3A_Init                             0x00000f65   Thumb Code   148  lab9.o(.text.Timer3A_Init)
    Timer5A_Handler                          0x00000ff9   Thumb Code    28  texas.o(.text.Timer5A_Handler)
    UART1_Handler                            0x00001015   Thumb Code   122  uart1.o(.text.UART1_Handler)
    UART1_Init                               0x00001091   Thumb Code   260  uart1.o(.text.UART1_Init)
    UART1_OutChar                            0x00001195   Thumb Code    46  uart1.o(.text.UART1_OutChar)
    main                                     0x00001415   Thumb Code   144  lab9.o(.text.main)
    writecommand                             0x00001555   Thumb Code    44  st7735.o(.text.writecommand)
    writedata                                0x00001581   Thumb Code    44  st7735.o(.text.writedata)
    Region$$Table$$Base                      0x00001b40   Number         0  anon$$obj.o(Region$$Table)
    Region$$Table$$Limit                     0x00001b60   Number         0  anon$$obj.o(Region$$Table)
    StTextColor                              0x20000000   Data           2  st7735.o(.data.StTextColor)
    __libspace_start                         0x20000008   Data          96  libspace.o(.bss)
    __temporary_stack_top$libspace           0x20000068   Data           0  libspace.o(.bss)
    Counter                                  0x2000006c   Data           4  uart1.o(.bss.Counter)
    Data                                     0x20000070   Data           4  lab9.o(.bss.Data)
    Fifo                                     0x20000074   Data           9  fifo.o(.bss.Fifo)
    GetI                                     0x2000007d   Data           1  fifo.o(.bss.GetI)
    PutI                                     0x2000007e   Data           1  fifo.o(.bss.PutI)
    StX                                      0x20000080   Data           4  st7735.o(.bss.StX)
    StY                                      0x20000084   Data           4  st7735.o(.bss.StY)
    TxCounter                                0x2000008c   Data           4  lab9.o(.bss.TxCounter)
    sendDataPt                               0x20000090   Data           4  texas.o(.bss.sendDataPt)



==============================================================================

Memory Map of the image

  Image Entry point : 0x0000026d

  Load Region LR_1 (Base: 0x00000000, Size: 0x00001b68, Max: 0xffffffff, ABSOLUTE)

    Execution Region ER_RO (Exec base: 0x00000000, Load base: 0x00000000, Size: 0x00001b60, Max: 0xffffffff, ABSOLUTE)

    Exec Addr    Load Addr    Size         Type   Attr      Idx    E Section Name        Object

    0x00000000   0x00000000   0x00000284   Code   RO            3  * RESET               startup.o
    0x00000284   0x00000284   0x00000008   Code   RO          267  * !!!main             c_w.l(__main.o)
    0x0000028c   0x0000028c   0x00000034   Code   RO          432    !!!scatter          c_w.l(__scatter.o)
    0x000002c0   0x000002c0   0x0000001a   Code   RO          434    !!handler_copy      c_w.l(__scatter_copy.o)
    0x000002da   0x000002da   0x00000002   PAD
    0x000002dc   0x000002dc   0x0000001c   Code   RO          436    !!handler_zi        c_w.l(__scatter_zi.o)
    0x000002f8   0x000002f8   0x00000002   Code   RO          294    .ARM.Collect$$libinit$$00000000  c_w.l(libinit.o)
    0x000002fa   0x000002fa   0x00000000   Code   RO          301    .ARM.Collect$$libinit$$00000002  c_w.l(libinit2.o)
    0x000002fa   0x000002fa   0x00000000   Code   RO          303    .ARM.Collect$$libinit$$00000004  c_w.l(libinit2.o)
    0x000002fa   0x000002fa   0x00000000   Code   RO          305    .ARM.Collect$$libinit$$00000006  c_w.l(libinit2.o)
    0x000002fa   0x000002fa   0x00000000   Code   RO          308    .ARM.Collect$$libinit$$0000000C  c_w.l(libinit2.o)
    0x000002fa   0x000002fa   0x00000000   Code   RO          310    .ARM.Collect$$libinit$$0000000E  c_w.l(libinit2.o)
    0x000002fa   0x000002fa   0x00000000   Code   RO          312    .ARM.Collect$$libinit$$00000010  c_w.l(libinit2.o)
    0x000002fa   0x000002fa   0x00000000   Code   RO          315    .ARM.Collect$$libinit$$00000013  c_w.l(libinit2.o)
    0x000002fa   0x000002fa   0x00000000   Code   RO          317    .ARM.Collect$$libinit$$00000015  c_w.l(libinit2.o)
    0x000002fa   0x000002fa   0x00000000   Code   RO          319    .ARM.Collect$$libinit$$00000017  c_w.l(libinit2.o)
    0x000002fa   0x000002fa   0x00000000   Code   RO          321    .ARM.Collect$$libinit$$00000019  c_w.l(libinit2.o)
    0x000002fa   0x000002fa   0x00000000   Code   RO          323    .ARM.Collect$$libinit$$0000001B  c_w.l(libinit2.o)
    0x000002fa   0x000002fa   0x00000000   Code   RO          325    .ARM.Collect$$libinit$$0000001D  c_w.l(libinit2.o)
    0x000002fa   0x000002fa   0x00000000   Code   RO          327    .ARM.Collect$$libinit$$0000001F  c_w.l(libinit2.o)
    0x000002fa   0x000002fa   0x00000000   Code   RO          329    .ARM.Collect$$libinit$$00000021  c_w.l(libinit2.o)
    0x000002fa   0x000002fa   0x00000000   Code   RO          331    .ARM.Collect$$libinit$$00000023  c_w.l(libinit2.o)
    0x000002fa   0x000002fa   0x00000000   Code   RO          333    .ARM.Collect$$libinit$$00000025  c_w.l(libinit2.o)
    0x000002fa   0x000002fa   0x00000000   Code   RO          335    .ARM.Collect$$libinit$$00000027  c_w.l(libinit2.o)
    0x000002fa   0x000002fa   0x00000000   Code   RO          339    .ARM.Collect$$libinit$$0000002E  c_w.l(libinit2.o)
    0x000002fa   0x000002fa   0x00000000   Code   RO          341    .ARM.Collect$$libinit$$00000030  c_w.l(libinit2.o)
    0x000002fa   0x000002fa   0x00000000   Code   RO          343    .ARM.Collect$$libinit$$00000032  c_w.l(libinit2.o)
    0x000002fa   0x000002fa   0x00000000   Code   RO          345    .ARM.Collect$$libinit$$00000034  c_w.l(libinit2.o)
    0x000002fa   0x000002fa   0x00000002   Code   RO          346    .ARM.Collect$$libinit$$00000035  c_w.l(libinit2.o)
    0x000002fc   0x000002fc   0x00000002   Code   RO          368    .ARM.Collect$$libshutdown$$00000000  c_w.l(libshutdown.o)
    0x000002fe   0x000002fe   0x00000000   Code   RO          383    .ARM.Collect$$libshutdown$$00000002  c_w.l(libshutdown2.o)
    0x000002fe   0x000002fe   0x00000000   Code   RO          385    .ARM.Collect$$libshutdown$$00000004  c_w.l(libshutdown2.o)
    0x000002fe   0x000002fe   0x00000000   Code   RO          388    .ARM.Collect$$libshutdown$$00000007  c_w.l(libshutdown2.o)
    0x000002fe   0x000002fe   0x00000000   Code   RO          391    .ARM.Collect$$libshutdown$$0000000A  c_w.l(libshutdown2.o)
    0x000002fe   0x000002fe   0x00000000   Code   RO          393    .ARM.Collect$$libshutdown$$0000000C  c_w.l(libshutdown2.o)
    0x000002fe   0x000002fe   0x00000000   Code   RO          396    .ARM.Collect$$libshutdown$$0000000F  c_w.l(libshutdown2.o)
    0x000002fe   0x000002fe   0x00000002   Code   RO          397    .ARM.Collect$$libshutdown$$00000010  c_w.l(libshutdown2.o)
    0x00000300   0x00000300   0x00000000   Code   RO          269    .ARM.Collect$$rtentry$$00000000  c_w.l(__rtentry.o)
    0x00000300   0x00000300   0x00000000   Code   RO          271    .ARM.Collect$$rtentry$$00000002  c_w.l(__rtentry2.o)
    0x00000300   0x00000300   0x00000006   Code   RO          283    .ARM.Collect$$rtentry$$00000004  c_w.l(__rtentry4.o)
    0x00000306   0x00000306   0x00000000   Code   RO          273    .ARM.Collect$$rtentry$$00000009  c_w.l(__rtentry2.o)
    0x00000306   0x00000306   0x00000004   Code   RO          274    .ARM.Collect$$rtentry$$0000000A  c_w.l(__rtentry2.o)
    0x0000030a   0x0000030a   0x00000000   Code   RO          276    .ARM.Collect$$rtentry$$0000000C  c_w.l(__rtentry2.o)
    0x0000030a   0x0000030a   0x00000008   Code   RO          277    .ARM.Collect$$rtentry$$0000000D  c_w.l(__rtentry2.o)
    0x00000312   0x00000312   0x00000002   Code   RO          298    .ARM.Collect$$rtexit$$00000000  c_w.l(rtexit.o)
    0x00000314   0x00000314   0x00000000   Code   RO          348    .ARM.Collect$$rtexit$$00000002  c_w.l(rtexit2.o)
    0x00000314   0x00000314   0x00000004   Code   RO          349    .ARM.Collect$$rtexit$$00000003  c_w.l(rtexit2.o)
    0x00000318   0x00000318   0x00000006   Code   RO          350    .ARM.Collect$$rtexit$$00000004  c_w.l(rtexit2.o)
    0x0000031e   0x0000031e   0x00000002   PAD
    0x00000320   0x00000320   0x00000030   Code   RO            4    .text               startup.o
    0x00000350   0x00000350   0x00000040   Code   RO          207    .text               busywait.o
    0x00000390   0x00000390   0x00000148   Code   RO          210    .text               stringconversion.o
    0x000004d8   0x000004d8   0x00000006   Code   RO          265    .text               c_w.l(heapauxi.o)
    0x000004de   0x000004de   0x0000004a   Code   RO          285    .text               c_w.l(sys_stackheap_outer.o)
    0x00000528   0x00000528   0x00000012   Code   RO          287    .text               c_w.l(exit.o)
    0x0000053a   0x0000053a   0x00000002   PAD
    0x0000053c   0x0000053c   0x00000008   Code   RO          295    .text               c_w.l(libspace.o)
    0x00000544   0x00000544   0x0000000c   Code   RO          358    .text               c_w.l(sys_exit.o)
    0x00000550   0x00000550   0x00000002   Code   RO          373    .text               c_w.l(use_no_semi.o)
    0x00000552   0x00000552   0x00000000   Code   RO          375    .text               c_w.l(indicate_semi.o)
    0x00000552   0x00000552   0x00000002   PAD
    0x00000554   0x00000554   0x00000046   Code   RO          216    .text.ADC_In        adc.o
    0x0000059a   0x0000059a   0x00000002   PAD
    0x0000059c   0x0000059c   0x000000e8   Code   RO          214    .text.ADC_Init      adc.o
    0x00000684   0x00000684   0x00000022   Code   RO           21    .text.Convert       lab9.o
    0x000006a6   0x000006a6   0x00000002   PAD
    0x000006a8   0x000006a8   0x0000002e   Code   RO           85    .text.Delay1ms      st7735.o
    0x000006d6   0x000006d6   0x00000002   PAD
    0x000006d8   0x000006d8   0x00000062   Code   RO           50    .text.Fifo_Get      fifo.o
    0x0000073a   0x0000073a   0x00000002   PAD
    0x0000073c   0x0000073c   0x00000018   Code   RO           46    .text.Fifo_Init     fifo.o
    0x00000754   0x00000754   0x0000007a   Code   RO           48    .text.Fifo_Put      fifo.o
    0x000007ce   0x000007ce   0x00000002   PAD
    0x000007d0   0x000007d0   0x00000084   Code   RO           64    .text.PLL_Init      texas.o
    0x00000854   0x00000854   0x0000005a   Code   RO           15    .text.PortF_Init    lab9.o
    0x000008ae   0x000008ae   0x00000002   PAD
    0x000008b0   0x000008b0   0x000001b4   Code   RO          123    .text.ST7735_DrawCharS  st7735.o
    0x00000a64   0x00000a64   0x00000070   Code   RO           99    .text.ST7735_DrawPixel  st7735.o
    0x00000ad4   0x00000ad4   0x0000009a   Code   RO          127    .text.ST7735_DrawString  st7735.o
    0x00000b6e   0x00000b6e   0x00000002   PAD
    0x00000b70   0x00000b70   0x0000013e   Code   RO          109    .text.ST7735_FillRect  st7735.o
    0x00000cae   0x00000cae   0x00000002   PAD
    0x00000cb0   0x00000cb0   0x00000034   Code   RO           93    .text.ST7735_FillScreen  st7735.o
    0x00000ce4   0x00000ce4   0x000000a6   Code   RO           95    .text.ST7735_InitR  st7735.o
    0x00000d8a   0x00000d8a   0x00000002   PAD
    0x00000d8c   0x00000d8c   0x0000010e   Code   RO          153    .text.ST7735_OutChar  st7735.o
    0x00000e9a   0x00000e9a   0x00000002   PAD
    0x00000e9c   0x00000e9c   0x00000036   Code   RO           91    .text.ST7735_SetCursor  st7735.o
    0x00000ed2   0x00000ed2   0x00000002   PAD
    0x00000ed4   0x00000ed4   0x0000008e   Code   RO           25    .text.Timer3A_Handler  lab9.o
    0x00000f62   0x00000f62   0x00000002   PAD
    0x00000f64   0x00000f64   0x00000094   Code   RO           17    .text.Timer3A_Init  lab9.o
    0x00000ff8   0x00000ff8   0x0000001c   Code   RO           68    .text.Timer5A_Handler  texas.o
    0x00001014   0x00001014   0x0000007a   Code   RO          234    .text.UART1_Handler  uart1.o
    0x0000108e   0x0000108e   0x00000002   PAD
    0x00001090   0x00001090   0x00000104   Code   RO          226    .text.UART1_Init    uart1.o
    0x00001194   0x00001194   0x0000002e   Code   RO          232    .text.UART1_OutChar  uart1.o
    0x000011c2   0x000011c2   0x00000002   PAD
    0x000011c4   0x000011c4   0x000000aa   Code   RO           97    .text.commandList   st7735.o
    0x0000126e   0x0000126e   0x00000002   PAD
    0x00001270   0x00001270   0x000001a2   Code   RO           89    .text.commonInit    st7735.o
    0x00001412   0x00001412   0x00000002   PAD
    0x00001414   0x00001414   0x00000090   Code   RO           23    .text.main          lab9.o
    0x000014a4   0x000014a4   0x0000001c   Code   RO          103    .text.pushColor     st7735.o
    0x000014c0   0x000014c0   0x00000094   Code   RO          101    .text.setAddrWindow  st7735.o
    0x00001554   0x00001554   0x0000002c   Code   RO           81    .text.writecommand  st7735.o
    0x00001580   0x00001580   0x0000002c   Code   RO           83    .text.writedata     st7735.o
    0x000015ac   0x000015ac   0x000004fb   Data   RO          190    .rodata.Font        st7735.o
    0x00001aa7   0x00001aa7   0x0000003b   Data   RO          179    .rodata.Rcmd1       st7735.o
    0x00001ae2   0x00001ae2   0x0000000d   Data   RO          180    .rodata.Rcmd2green  st7735.o
    0x00001aef   0x00001aef   0x0000000d   Data   RO          183    .rodata.Rcmd2red    st7735.o
    0x00001afc   0x00001afc   0x0000002b   Data   RO          184    .rodata.Rcmd3       st7735.o
    0x00001b27   0x00001b27   0x00000016   Data   RO          199    .rodata.str1.1      st7735.o
    0x00001b3d   0x00001b3d   0x00000003   PAD
    0x00001b40   0x00001b40   0x00000020   Data   RO          431    Region$$Table       anon$$obj.o


    Execution Region ER_RW (Exec base: 0x20000000, Load base: 0x00001b60, Size: 0x00000008, Max: 0xffffffff, ABSOLUTE)

    Exec Addr    Load Addr    Size         Type   Attr      Idx    E Section Name        Object

    0x20000000   0x00001b60   0x00000002   Data   RW          177    .data.StTextColor   st7735.o
    0x20000002   0x00001b62   0x00000002   Data   RW          187    .data._height       st7735.o
    0x20000004   0x00001b64   0x00000002   Data   RW          186    .data._width        st7735.o


    Execution Region ER_ZI (Exec base: 0x20000008, Load base: 0x00001b68, Size: 0x00000490, Max: 0xffffffff, ABSOLUTE)

    Exec Addr    Load Addr    Size         Type   Attr      Idx    E Section Name        Object

    0x20000008        -       0x00000060   Zero   RW          296    .bss                c_w.l(libspace.o)
    0x20000068        -       0x00000001   Zero   RW          181    .bss.ColStart       st7735.o
    0x20000069   0x00001b68   0x00000003   PAD
    0x2000006c        -       0x00000004   Zero   RW          236    .bss.Counter        uart1.o
    0x20000070        -       0x00000004   Zero   RW           34    .bss.Data           lab9.o
    0x20000074        -       0x00000009   Zero   RW           54    .bss.Fifo           fifo.o
    0x2000007d        -       0x00000001   Zero   RW           52    .bss.GetI           fifo.o
    0x2000007e        -       0x00000001   Zero   RW           53    .bss.PutI           fifo.o
    0x2000007f        -       0x00000001   Zero   RW          182    .bss.RowStart       st7735.o
    0x20000080        -       0x00000004   Zero   RW          175    .bss.StX            st7735.o
    0x20000084        -       0x00000004   Zero   RW          176    .bss.StY            st7735.o
    0x20000088        -       0x00000001   Zero   RW          185    .bss.TabColor       st7735.o
    0x20000089   0x00001b68   0x00000003   PAD
    0x2000008c        -       0x00000004   Zero   RW           33    .bss.TxCounter      lab9.o
    0x20000090        -       0x00000004   Zero   RW           72    .bss.sendDataPt     texas.o
    0x20000094   0x00001b68   0x00000004   PAD
    0x20000098        -       0x00000000   Zero   RW            2    HEAP                startup.o
    0x20000098        -       0x00000400   Zero   RW            1    STACK               startup.o


==============================================================================

Image component sizes


      Code (inc. data)   RO Data    RW Data    ZI Data      Debug   Object Name

       302          0          0          0          0        776   adc.o
        64          2          0          0          0        252   busywait.o
       244          0          0          0         11       1009   fifo.o
       558          0          0          0          8       3060   lab9.o
      2460          0       1425          6         11      12607   st7735.o
       692        632          0          0       1024        956   startup.o
       328          0          0          0          0        356   stringconversion.o
       160          0          0          0          4       1072   texas.o
       428          0          0          0          4       1228   uart1.o

    ----------------------------------------------------------------------
      5268        634       1460          8       1072      21316   Object Totals
         0          0         32          0          0          0   (incl. Generated)
        32          0          3          2         10          0   (incl. Padding)

    ----------------------------------------------------------------------

      Code (inc. data)   RO Data    RW Data    ZI Data      Debug   Library Member Name

         8          0          0          0          0         68   __main.o
         0          0          0          0          0          0   __rtentry.o
        12          0          0          0          0          0   __rtentry2.o
         6          0          0          0          0          0   __rtentry4.o
        52          8          0          0          0          0   __scatter.o
        26          0          0          0          0          0   __scatter_copy.o
        28          0          0          0          0          0   __scatter_zi.o
        18          0          0          0          0         80   exit.o
         6          0          0          0          0        152   heapauxi.o
         0          0          0          0          0          0   indicate_semi.o
         2          0          0          0          0          0   libinit.o
         2          0          0          0          0          0   libinit2.o
         2          0          0          0          0          0   libshutdown.o
         2          0          0          0          0          0   libshutdown2.o
         8          4          0          0         96         68   libspace.o
         2          0          0          0          0          0   rtexit.o
        10          0          0          0          0          0   rtexit2.o
        12          4          0          0          0         68   sys_exit.o
        74          0          0          0          0         80   sys_stackheap_outer.o
         2          0          0          0          0         68   use_no_semi.o

    ----------------------------------------------------------------------
       280         16          0          0         96        584   Library Totals
         8          0          0          0          0          0   (incl. Padding)

    ----------------------------------------------------------------------

      Code (inc. data)   RO Data    RW Data    ZI Data      Debug   Library Name

       272         16          0          0         96        584   c_w.l

    ----------------------------------------------------------------------
       280         16          0          0         96        584   Library Totals

    ----------------------------------------------------------------------

==============================================================================


      Code (inc. data)   RO Data    RW Data    ZI Data      Debug   

      5548        650       1460          8       1168      21692   Grand Totals
      5548        650       1460          8       1168      21692   ELF Image Totals
      5548        650       1460          8          0          0   ROM Totals

==============================================================================

    Total RO  Size (Code + RO Data)                 7008 (   6.84kB)
    Total RW  Size (RW Data + ZI Data)              1176 (   1.15kB)
    Total ROM Size (Code + RO Data + RW Data)       7016 (   6.85kB)

==============================================================================

